Archive member included to satisfy reference by file (symbol)

C:/ST/STM32CubeIDE_1.15.0/STM32CubeIDE/plugins/com.st.stm32cube.ide.mcu.externaltools.gnu-tools-for-stm32.12.3.rel1.win32_1.0.100.202403111256/tools/bin/../lib/gcc/arm-none-eabi/12.3.1/../../../../arm-none-eabi/lib/thumb/v7-m/nofp\libc_nano.a(libc_a-exit.o)
                              C:/ST/STM32CubeIDE_1.15.0/STM32CubeIDE/plugins/com.st.stm32cube.ide.mcu.externaltools.gnu-tools-for-stm32.12.3.rel1.win32_1.0.100.202403111256/tools/bin/../lib/gcc/arm-none-eabi/12.3.1/../../../../arm-none-eabi/lib/thumb/v7-m/nofp/crt0.o (exit)
C:/ST/STM32CubeIDE_1.15.0/STM32CubeIDE/plugins/com.st.stm32cube.ide.mcu.externaltools.gnu-tools-for-stm32.12.3.rel1.win32_1.0.100.202403111256/tools/bin/../lib/gcc/arm-none-eabi/12.3.1/../../../../arm-none-eabi/lib/thumb/v7-m/nofp\libc_nano.a(libc_a-findfp.o)
                              C:/ST/STM32CubeIDE_1.15.0/STM32CubeIDE/plugins/com.st.stm32cube.ide.mcu.externaltools.gnu-tools-for-stm32.12.3.rel1.win32_1.0.100.202403111256/tools/bin/../lib/gcc/arm-none-eabi/12.3.1/../../../../arm-none-eabi/lib/thumb/v7-m/nofp\libc_nano.a(libc_a-exit.o) (__stdio_exit_handler)
C:/ST/STM32CubeIDE_1.15.0/STM32CubeIDE/plugins/com.st.stm32cube.ide.mcu.externaltools.gnu-tools-for-stm32.12.3.rel1.win32_1.0.100.202403111256/tools/bin/../lib/gcc/arm-none-eabi/12.3.1/../../../../arm-none-eabi/lib/thumb/v7-m/nofp\libc_nano.a(libc_a-fwalk.o)
                              C:/ST/STM32CubeIDE_1.15.0/STM32CubeIDE/plugins/com.st.stm32cube.ide.mcu.externaltools.gnu-tools-for-stm32.12.3.rel1.win32_1.0.100.202403111256/tools/bin/../lib/gcc/arm-none-eabi/12.3.1/../../../../arm-none-eabi/lib/thumb/v7-m/nofp\libc_nano.a(libc_a-findfp.o) (_fwalk_sglue)
C:/ST/STM32CubeIDE_1.15.0/STM32CubeIDE/plugins/com.st.stm32cube.ide.mcu.externaltools.gnu-tools-for-stm32.12.3.rel1.win32_1.0.100.202403111256/tools/bin/../lib/gcc/arm-none-eabi/12.3.1/../../../../arm-none-eabi/lib/thumb/v7-m/nofp\libc_nano.a(libc_a-stdio.o)
                              C:/ST/STM32CubeIDE_1.15.0/STM32CubeIDE/plugins/com.st.stm32cube.ide.mcu.externaltools.gnu-tools-for-stm32.12.3.rel1.win32_1.0.100.202403111256/tools/bin/../lib/gcc/arm-none-eabi/12.3.1/../../../../arm-none-eabi/lib/thumb/v7-m/nofp\libc_nano.a(libc_a-findfp.o) (__sread)
C:/ST/STM32CubeIDE_1.15.0/STM32CubeIDE/plugins/com.st.stm32cube.ide.mcu.externaltools.gnu-tools-for-stm32.12.3.rel1.win32_1.0.100.202403111256/tools/bin/../lib/gcc/arm-none-eabi/12.3.1/../../../../arm-none-eabi/lib/thumb/v7-m/nofp\libc_nano.a(libc_a-memset.o)
                              C:/ST/STM32CubeIDE_1.15.0/STM32CubeIDE/plugins/com.st.stm32cube.ide.mcu.externaltools.gnu-tools-for-stm32.12.3.rel1.win32_1.0.100.202403111256/tools/bin/../lib/gcc/arm-none-eabi/12.3.1/../../../../arm-none-eabi/lib/thumb/v7-m/nofp/crt0.o (memset)
C:/ST/STM32CubeIDE_1.15.0/STM32CubeIDE/plugins/com.st.stm32cube.ide.mcu.externaltools.gnu-tools-for-stm32.12.3.rel1.win32_1.0.100.202403111256/tools/bin/../lib/gcc/arm-none-eabi/12.3.1/../../../../arm-none-eabi/lib/thumb/v7-m/nofp\libc_nano.a(libc_a-closer.o)
                              C:/ST/STM32CubeIDE_1.15.0/STM32CubeIDE/plugins/com.st.stm32cube.ide.mcu.externaltools.gnu-tools-for-stm32.12.3.rel1.win32_1.0.100.202403111256/tools/bin/../lib/gcc/arm-none-eabi/12.3.1/../../../../arm-none-eabi/lib/thumb/v7-m/nofp\libc_nano.a(libc_a-stdio.o) (_close_r)
C:/ST/STM32CubeIDE_1.15.0/STM32CubeIDE/plugins/com.st.stm32cube.ide.mcu.externaltools.gnu-tools-for-stm32.12.3.rel1.win32_1.0.100.202403111256/tools/bin/../lib/gcc/arm-none-eabi/12.3.1/../../../../arm-none-eabi/lib/thumb/v7-m/nofp\libc_nano.a(libc_a-reent.o)
                              C:/ST/STM32CubeIDE_1.15.0/STM32CubeIDE/plugins/com.st.stm32cube.ide.mcu.externaltools.gnu-tools-for-stm32.12.3.rel1.win32_1.0.100.202403111256/tools/bin/../lib/gcc/arm-none-eabi/12.3.1/../../../../arm-none-eabi/lib/thumb/v7-m/nofp\libc_nano.a(libc_a-closer.o) (errno)
C:/ST/STM32CubeIDE_1.15.0/STM32CubeIDE/plugins/com.st.stm32cube.ide.mcu.externaltools.gnu-tools-for-stm32.12.3.rel1.win32_1.0.100.202403111256/tools/bin/../lib/gcc/arm-none-eabi/12.3.1/../../../../arm-none-eabi/lib/thumb/v7-m/nofp\libc_nano.a(libc_a-impure.o)
                              C:/ST/STM32CubeIDE_1.15.0/STM32CubeIDE/plugins/com.st.stm32cube.ide.mcu.externaltools.gnu-tools-for-stm32.12.3.rel1.win32_1.0.100.202403111256/tools/bin/../lib/gcc/arm-none-eabi/12.3.1/../../../../arm-none-eabi/lib/thumb/v7-m/nofp\libc_nano.a(libc_a-reent.o) (_impure_ptr)
C:/ST/STM32CubeIDE_1.15.0/STM32CubeIDE/plugins/com.st.stm32cube.ide.mcu.externaltools.gnu-tools-for-stm32.12.3.rel1.win32_1.0.100.202403111256/tools/bin/../lib/gcc/arm-none-eabi/12.3.1/../../../../arm-none-eabi/lib/thumb/v7-m/nofp\libc_nano.a(libc_a-lseekr.o)
[...]
Memory Configuration

Name             Origin             Length             Attributes
RAM              0x20000000         0x0000c000         xrw
RAM2             0x2001c000         0x00004000         xrw
FLASH            0x08000000         0x00020000         xr
*default*        0x00000000         0xffffffff

Linker script and memory map

LOAD C:/ST/STM32CubeIDE_1.15.0/STM32CubeIDE/plugins/com.st.stm32cube.ide.mcu.externaltools.gnu-tools-for-stm32.12.3.rel1.win32_1.0.100.202403111256/tools/bin/../lib/gcc/arm-none-eabi/12.3.1/thumb/v7-m/nofp/crti.o
LOAD C:/ST/STM32CubeIDE_1.15.0/STM32CubeIDE/plugins/com.st.stm32cube.ide.mcu.externaltools.gnu-tools-for-stm32.12.3.rel1.win32_1.0.100.202403111256/tools/bin/../lib/gcc/arm-none-eabi/12.3.1/thumb/v7-m/nofp/crtbegin.o
LOAD C:/ST/STM32CubeIDE_1.15.0/STM32CubeIDE/plugins/com.st.stm32cube.ide.mcu.externaltools.gnu-tools-for-stm32.12.3.rel1.win32_1.0.100.202403111256/tools/bin/../lib/gcc/arm-none-eabi/12.3.1/../../../../arm-none-eabi/lib/thumb/v7-m/nofp/crt0.o
LOAD ./Core/App/Variables.o
LOAD ./Core/Src/J1939.o
LOAD ./Core/Src/adc.o
LOAD ./Core/Src/can.o
LOAD ./Core/Src/dac.o
LOAD ./Core/Src/dma.o
LOAD ./Core/Src/gpio.o
LOAD ./Core/Src/i2c.o
LOAD ./Core/Src/l99sd.o
LOAD ./Core/Src/main.o
LOAD ./Core/Src/spi.o
LOAD ./Core/Src/stm32f2xx_hal_msp.o
LOAD ./Core/Src/stm32f2xx_it.o
LOAD ./Core/Src/syscalls.o
LOAD ./Core/Src/sysmem.o
LOAD ./Core/Src/system_stm32f2xx.o
LOAD ./Core/Src/tim.o
LOAD ./Core/Src/L99sd_new/l99sd.o
LOAD ./Core/Startup/startup_stm32f205rbtx.o
LOAD ./Drivers/STM32F2xx_HAL_Driver/Src/stm32f2xx_hal.o
LOAD ./Drivers/STM32F2xx_HAL_Driver/Src/stm32f2xx_hal_adc.o
LOAD ./Drivers/STM32F2xx_HAL_Driver/Src/stm32f2xx_hal_adc_ex.o
LOAD ./Drivers/STM32F2xx_HAL_Driver/Src/stm32f2xx_hal_can.o
LOAD ./Drivers/STM32F2xx_HAL_Driver/Src/stm32f2xx_hal_cortex.o
LOAD ./Drivers/STM32F2xx_HAL_Driver/Src/stm32f2xx_hal_dac.o
LOAD ./Drivers/STM32F2xx_HAL_Driver/Src/stm32f2xx_hal_dac_ex.o
LOAD ./Drivers/STM32F2xx_HAL_Driver/Src/stm32f2xx_hal_dma.o
LOAD ./Drivers/STM32F2xx_HAL_Driver/Src/stm32f2xx_hal_dma_ex.o
LOAD ./Drivers/STM32F2xx_HAL_Driver/Src/stm32f2xx_hal_exti.o
LOAD ./Drivers/STM32F2xx_HAL_Driver/Src/stm32f2xx_hal_flash.o
LOAD ./Drivers/STM32F2xx_HAL_Driver/Src/stm32f2xx_hal_flash_ex.o
LOAD ./Drivers/STM32F2xx_HAL_Driver/Src/stm32f2xx_hal_gpio.o
LOAD ./Drivers/STM32F2xx_HAL_Driver/Src/stm32f2xx_hal_i2c.o
LOAD ./Drivers/STM32F2xx_HAL_Driver/Src/stm32f2xx_hal_pwr.o
LOAD ./Drivers/STM32F2xx_HAL_Driver/Src/stm32f2xx_hal_pwr_ex.o
LOAD ./Drivers/STM32F2xx_HAL_Driver/Src/stm32f2xx_hal_rcc.o
LOAD ./Drivers/STM32F2xx_HAL_Driver/Src/stm32f2xx_hal_rcc_ex.o
LOAD ./Drivers/STM32F2xx_HAL_Driver/Src/stm32f2xx_hal_spi.o
LOAD ./Drivers/STM32F2xx_HAL_Driver/Src/stm32f2xx_hal_tim.o
LOAD ./Drivers/STM32F2xx_HAL_Driver/Src/stm32f2xx_hal_tim_ex.o
LOAD ./FATFS/App/fatfs.o
LOAD ./FATFS/Target/user_diskio.o
LOAD ./HCI_AS/Src/arrays.o
LOAD ./HCI_AS/Src/errors.o
LOAD ./HCI_AS/Src/fuel_mass_calculation.o
LOAD ./HCI_AS/Src/hci.o
LOAD ./HCI_AS/Src/linear_approximation.o
LOAD ./HCI_AS/Src/rt_look.o
LOAD ./HCI_AS/Src/rt_look1d.o
LOAD ./HCI_AS/Src/rt_look2d_normal.o
LOAD ./HCI_AS/Src/sensors.o
LOAD ./HCI_AS/Src/soot.o
LOAD ./Middlewares/Third_Party/FatFs/src/diskio.o
LOAD ./Middlewares/Third_Party/FatFs/src/ff.o
LOAD ./Middlewares/Third_Party/FatFs/src/ff_gen_drv.o
LOAD ./Middlewares/Third_Party/FatFs/src/option/syscall.o
START GROUP
LOAD C:/ST/STM32CubeIDE_1.15.0/STM32CubeIDE/plugins/com.st.stm32cube.ide.mcu.externaltools.gnu-tools-for-stm32.12.3.rel1.win32_1.0.100.202403111256/tools/bin/../lib/gcc/arm-none-eabi/12.3.1/../../../../arm-none-eabi/lib/thumb/v7-m/nofp\libc_nano.a
LOAD C:/ST/STM32CubeIDE_1.15.0/STM32CubeIDE/plugins/com.st.stm32cube.ide.mcu.externaltools.gnu-tools-for-stm32.12.3.rel1.win32_1.0.100.202403111256/tools/bin/../lib/gcc/arm-none-eabi/12.3.1/../../../../arm-none-eabi/lib/thumb/v7-m/nofp\libm.a
END GROUP
START GROUP
LOAD C:/ST/STM32CubeIDE_1.15.0/STM32CubeIDE/plugins/com.st.stm32cube.ide.mcu.externaltools.gnu-tools-for-stm32.12.3.rel1.win32_1.0.100.202403111256/tools/bin/../lib/gcc/arm-none-eabi/12.3.1/thumb/v7-m/nofp\libgcc.a
LOAD C:/ST/STM32CubeIDE_1.15.0/STM32CubeIDE/plugins/com.st.stm32cube.ide.mcu.externaltools.gnu-tools-for-stm32.12.3.rel1.win32_1.0.100.202403111256/tools/bin/../lib/gcc/arm-none-eabi/12.3.1/../../../../arm-none-eabi/lib/thumb/v7-m/nofp\libc_nano.a
END GROUP
START GROUP
LOAD C:/ST/STM32CubeIDE_1.15.0/STM32CubeIDE/plugins/com.st.stm32cube.ide.mcu.externaltools.gnu-tools-for-stm32.12.3.rel1.win32_1.0.100.202403111256/tools/bin/../lib/gcc/arm-none-eabi/12.3.1/thumb/v7-m/nofp\libgcc.a
LOAD C:/ST/STM32CubeIDE_1.15.0/STM32CubeIDE/plugins/com.st.stm32cube.ide.mcu.externaltools.gnu-tools-for-stm32.12.3.rel1.win32_1.0.100.202403111256/tools/bin/../lib/gcc/arm-none-eabi/12.3.1/../../../../arm-none-eabi/lib/thumb/v7-m/nofp\libc_nano.a
LOAD C:/ST/STM32CubeIDE_1.15.0/STM32CubeIDE/plugins/com.st.stm32cube.ide.mcu.externaltools.gnu-tools-for-stm32.12.3.rel1.win32_1.0.100.202403111256/tools/bin/../lib/gcc/arm-none-eabi/12.3.1/../../../../arm-none-eabi/lib/thumb/v7-m/nofp\libnosys.a
END GROUP
START GROUP
LOAD C:/ST/STM32CubeIDE_1.15.0/STM32CubeIDE/plugins/com.st.stm32cube.ide.mcu.externaltools.gnu-tools-for-stm32.12.3.rel1.win32_1.0.100.202403111256/tools/bin/../lib/gcc/arm-none-eabi/12.3.1/thumb/v7-m/nofp\libgcc.a
LOAD C:/ST/STM32CubeIDE_1.15.0/STM32CubeIDE/plugins/com.st.stm32cube.ide.mcu.externaltools.gnu-tools-for-stm32.12.3.rel1.win32_1.0.100.202403111256/tools/bin/../lib/gcc/arm-none-eabi/12.3.1/../../../../arm-none-eabi/lib/thumb/v7-m/nofp\libc_nano.a
LOAD C:/ST/STM32CubeIDE_1.15.0/STM32CubeIDE/plugins/com.st.stm32cube.ide.mcu.externaltools.gnu-tools-for-stm32.12.3.rel1.win32_1.0.100.202403111256/tools/bin/../lib/gcc/arm-none-eabi/12.3.1/../../../../arm-none-eabi/lib/thumb/v7-m/nofp\libnosys.a
END GROUP
LOAD C:/ST/STM32CubeIDE_1.15.0/STM32CubeIDE/plugins/com.st.stm32cube.ide.mcu.externaltools.gnu-tools-for-stm32.12.3.rel1.win32_1.0.100.202403111256/tools/bin/../lib/gcc/arm-none-eabi/12.3.1/thumb/v7-m/nofp/crtend.o
LOAD C:/ST/STM32CubeIDE_1.15.0/STM32CubeIDE/plugins/com.st.stm32cube.ide.mcu.externaltools.gnu-tools-for-stm32.12.3.rel1.win32_1.0.100.202403111256/tools/bin/../lib/gcc/arm-none-eabi/12.3.1/thumb/v7-m/nofp/crtn.o
                0x2000c000                        _estack = (ORIGIN (RAM) + LENGTH (RAM))
                0x00000200                        _Min_Heap_Size = 0x200
                0x00000400                        _Min_Stack_Size = 0x400

.isr_vector     0x08000000      0x184
                0x08000000                        . = ALIGN (0x4)
 *(.isr_vector)
 .isr_vector    0x08000000      0x184 ./Core/Startup/startup_stm32f205rbtx.o
                0x08000000                g_pfnVectors
                0x08000184                        . = ALIGN (0x4)

.text           0x08000188     0xc22c
                0x08000188                        . = ALIGN (0x4)
 *(.text)
 .text          0x08000188       0x40 C:/ST/STM32CubeIDE_1.15.0/STM32CubeIDE/plugins/com.st.stm32cube.ide.mcu.externaltools.gnu-tools-for-stm32.12.3.rel1.win32_1.0.100.202403111256/tools/bin/../lib/gcc/arm-none-eabi/12.3.1/thumb/v7-m/nofp/crtbegin.o
 .text          0x080001c8      0x378 C:/ST/STM32CubeIDE_1.15.0/STM32CubeIDE/plugins/com.st.stm32cube.ide.mcu.externaltools.gnu-tools-for-stm32.12.3.rel1.win32_1.0.100.202403111256/tools/bin/../lib/gcc/arm-none-eabi/12.3.1/thumb/v7-m/nofp\libgcc.a(_arm_addsubdf3.o)
                0x080001c8                __aeabi_drsub
                0x080001d0                __aeabi_dsub
                0x080001d0                __subdf3
                0x080001d4                __aeabi_dadd
                0x080001d4                __adddf3
                0x0800044c                __floatunsidf
                0x0800044c                __aeabi_ui2d
                0x0800046c                __floatsidf
                0x0800046c                __aeabi_i2d
                0x08000490                __aeabi_f2d
                0x08000490                __extendsfdf2
                0x080004d4                __floatundidf
                0x080004d4                __aeabi_ul2d
                0x080004e4                __floatdidf
                0x080004e4                __aeabi_l2d
 .text          0x08000540      0x424 C:/ST/STM32CubeIDE_1.15.0/STM32CubeIDE/plugins/com.st.stm32cube.ide.mcu.externaltools.gnu-tools-for-stm32.12.3.rel1.win32_1.0.100.202403111256/tools/bin/../lib/gcc/arm-none-eabi/12.3.1/thumb/v7-m/nofp\libgcc.a(_arm_muldivdf3.o)
                0x08000540                __aeabi_dmul
                0x08000540                __muldf3
                0x08000794                __divdf3
                0x08000794                __aeabi_ddiv
 .text          0x08000964      0x110 C:/ST/STM32CubeIDE_1.15.0/STM32CubeIDE/plugins/com.st.stm32cube.ide.mcu.externaltools.gnu-tools-for-stm32.12.3.rel1.win32_1.0.100.202403111256/tools/bin/../lib/gcc/arm-none-eabi/12.3.1/thumb/v7-m/nofp\libgcc.a(_arm_cmpdf2.o)
                0x08000964                __gtdf2
                0x08000964                __gedf2
                0x0800096c                __ltdf2
                0x0800096c                __ledf2
                0x08000974                __nedf2
                0x08000974                __eqdf2
                0x08000974                __cmpdf2
                0x080009f0                __aeabi_cdrcmple
                0x08000a00                __aeabi_cdcmpeq
                0x08000a00                __aeabi_cdcmple
                0x08000a10                __aeabi_dcmpeq
                0x08000a24                __aeabi_dcmplt
                0x08000a38                __aeabi_dcmple
                0x08000a4c                __aeabi_dcmpge
                0x08000a60                __aeabi_dcmpgt
 .text          0x08000a74       0x2c C:/ST/STM32CubeIDE_1.15.0/STM32CubeIDE/plugins/com.st.stm32cube.ide.mcu.externaltools.gnu-tools-for-stm32.12.3.rel1.win32_1.0.100.202403111256/tools/bin/../lib/gcc/arm-none-eabi/12.3.1/thumb/v7-m/nofp\libgcc.a(_arm_unorddf2.o)
                0x08000a74                __unorddf2
                0x08000a74                __aeabi_dcmpun
 .text          0x08000aa0       0x40 C:/ST/STM32CubeIDE_1.15.0/STM32CubeIDE/plugins/com.st.stm32cube.ide.mcu.externaltools.gnu-tools-for-stm32.12.3.rel1.win32_1.0.100.202403111256/tools/bin/../lib/gcc/arm-none-eabi/12.3.1/thumb/v7-m/nofp\libgcc.a(_arm_fixunsdfsi.o)
                0x08000aa0                __aeabi_d2uiz
                0x08000aa0                __fixunsdfsi
 .text          0x08000ae0       0xa0 C:/ST/STM32CubeIDE_1.15.0/STM32CubeIDE/plugins/com.st.stm32cube.ide.mcu.externaltools.gnu-tools-for-stm32.12.3.rel1.win32_1.0.100.202403111256/tools/bin/../lib/gcc/arm-none-eabi/12.3.1/thumb/v7-m/nofp\libgcc.a(_arm_truncdfsf2.o)
                0x08000ae0                __truncdfsf2
                0x08000ae0                __aeabi_d2f
 .text          0x08000b80      0x21c C:/ST/STM32CubeIDE_1.15.0/STM32CubeIDE/plugins/com.st.stm32cube.ide.mcu.externaltools.gnu-tools-for-stm32.12.3.rel1.win32_1.0.100.202403111256/tools/bin/../lib/gcc/arm-none-eabi/12.3.1/thumb/v7-m/nofp\libgcc.a(_arm_addsubsf3.o)
                0x08000b80                __aeabi_frsub
                0x08000b88                __subsf3
                0x08000b88                __aeabi_fsub
                0x08000b8c                __aeabi_fadd
                0x08000b8c                __addsf3
                0x08000cec                __aeabi_ui2f
                0x08000cec                __floatunsisf
                0x08000cf4                __aeabi_i2f
                0x08000cf4                __floatsisf
                0x08000d10                __aeabi_ul2f
                0x08000d10                __floatundisf
                0x08000d20                __aeabi_l2f
                0x08000d20                __floatdisf
 .text          0x08000d9c      0x2a0 C:/ST/STM32CubeIDE_1.15.0/STM32CubeIDE/plugins/com.st.stm32cube.ide.mcu.externaltools.gnu-tools-for-stm32.12.3.rel1.win32_1.0.100.202403111256/tools/bin/../lib/gcc/arm-none-eabi/12.3.1/thumb/v7-m/nofp\libgcc.a(_arm_muldivsf3.o)
                0x08000d9c                __mulsf3
                0x08000d9c                __aeabi_fmul
                0x08000f04                __aeabi_fdiv
                0x08000f04                __divsf3
 .text          0x0800103c       0xec C:/ST/STM32CubeIDE_1.15.0/STM32CubeIDE/plugins/com.st.stm32cube.ide.mcu.externaltools.gnu-tools-for-stm32.12.3.rel1.win32_1.0.100.202403111256/tools/bin/../lib/gcc/arm-none-eabi/12.3.1/thumb/v7-m/nofp\libgcc.a(_arm_cmpsf2.o)
                0x0800103c                __gesf2
                0x0800103c                __gtsf2
                0x08001044                __lesf2
                0x08001044                __ltsf2
                0x0800104c                __nesf2
                0x0800104c                __eqsf2
                0x0800104c                __cmpsf2
                0x080010ac                __aeabi_cfrcmple
                0x080010b4                __aeabi_cfcmpeq
                0x080010b4                __aeabi_cfcmple
                0x080010c4                __aeabi_fcmpeq
                0x080010d8                __aeabi_fcmplt
                0x080010ec                __aeabi_fcmple
                0x08001100                __aeabi_fcmpge
                0x08001114                __aeabi_fcmpgt
 .text          0x08001128       0x40 C:/ST/STM32CubeIDE_1.15.0/STM32CubeIDE/plugins/com.st.stm32cube.ide.mcu.externaltools.gnu-tools-for-stm32.12.3.rel1.win32_1.0.100.202403111256/tools/bin/../lib/gcc/arm-none-eabi/12.3.1/thumb/v7-m/nofp\libgcc.a(_arm_fixunssfsi.o)
                0x08001128                __fixunssfsi
                0x08001128                __aeabi_f2uiz
 .text          0x08001168       0x30 C:/ST/STM32CubeIDE_1.15.0/STM32CubeIDE/plugins/com.st.stm32cube.ide.mcu.externaltools.gnu-tools-for-stm32.12.3.rel1.win32_1.0.100.202403111256/tools/bin/../lib/gcc/arm-none-eabi/12.3.1/thumb/v7-m/nofp\libgcc.a(_aeabi_uldivmod.o)
                0x08001168                __aeabi_uldivmod
 .text          0x08001198      0x2b8 C:/ST/STM32CubeIDE_1.15.0/STM32CubeIDE/plugins/com.st.stm32cube.ide.mcu.externaltools.gnu-tools-for-stm32.12.3.rel1.win32_1.0.100.202403111256/tools/bin/../lib/gcc/arm-none-eabi/12.3.1/thumb/v7-m/nofp\libgcc.a(_udivmoddi4.o)
                0x08001198                __udivmoddi4
 .text          0x08001450        0x4 C:/ST/STM32CubeIDE_1.15.0/STM32CubeIDE/plugins/com.st.stm32cube.ide.mcu.externaltools.gnu-tools-for-stm32.12.3.rel1.win32_1.0.100.202403111256/tools/bin/../lib/gcc/arm-none-eabi/12.3.1/thumb/v7-m/nofp\libgcc.a(_dvmd_tls.o)
                0x08001450                __aeabi_idiv0
                0x08001450                __aeabi_ldiv0
 *(.text*)
 .text.can_transmit_1
                0x08001454       0x4c ./Core/Src/J1939.o
                0x08001454                can_transmit_1
 .text.can_transmit_fm1
                0x080014a0      0x300 ./Core/Src/J1939.o
                0x080014a0                can_transmit_fm1
 .text.can_receive_1
                0x080017a0       0xa8 ./Core/Src/J1939.o
                0x080017a0                can_receive_1
 .text.Analise_RxMessage
                0x08001848       0x78 ./Core/Src/J1939.o
                0x08001848                Analise_RxMessage
 .text.MX_ADC1_Init
                0x080018c0      0x134 ./Core/Src/adc.o
                0x080018c0                MX_ADC1_Init
 .text.HAL_ADC_MspInit
                0x080019f4       0xf0 ./Core/Src/adc.o
                0x080019f4                HAL_ADC_MspInit
 *fill*         0x08001ae4        0x4 
 .text.ADC_GetVoltage_0_5
                0x08001ae8       0x84 ./Core/Src/adc.o
                0x08001ae8                ADC_GetVoltage_0_5
 .text.analog_in_1
                0x08001b6c       0x10 ./Core/Src/adc.o
                0x08001b6c                analog_in_1
 .text.analog_in_2
                0x08001b7c       0x10 ./Core/Src/adc.o
                0x08001b7c                analog_in_2
 .text.analog_in_3
                0x08001b8c       0x10 ./Core/Src/adc.o
                0x08001b8c                analog_in_3
 .text.rtd_in_1
                0x08001b9c       0x10 ./Core/Src/adc.o
                0x08001b9c                rtd_in_1
 .text.rtd_in_2
                0x08001bac       0x10 ./Core/Src/adc.o
                0x08001bac                rtd_in_2
 .text.MX_CAN1_Init
                0x08001bbc       0x70 ./Core/Src/can.o
                0x08001bbc                MX_CAN1_Init
 .text.HAL_CAN_MspInit
                0x08001c2c       0xa0 ./Core/Src/can.o
                0x08001c2c                HAL_CAN_MspInit
 .text.CAN_Config
                0x08001ccc       0x70 ./Core/Src/can.o
                0x08001ccc                CAN_Config
 .text.SendMessage
                0x08001d3c       0x6c ./Core/Src/can.o
                0x08001d3c                SendMessage
 .text.MX_DAC_Init
                0x08001da8       0x68 ./Core/Src/dac.o
                0x08001da8                MX_DAC_Init
 .text.HAL_DAC_MspInit
                0x08001e10       0x88 ./Core/Src/dac.o
                0x08001e10                HAL_DAC_MspInit
 .text.MX_DMA_Init
                0x08001e98       0x7c ./Core/Src/dma.o
                0x08001e98                MX_DMA_Init
 .text.MX_GPIO_Init
                0x08001f14      0x160 ./Core/Src/gpio.o
                0x08001f14                MX_GPIO_Init
 .text.PumpPort_SwitchState
                0x08002074       0x4c ./Core/Src/gpio.o
                0x08002074                PumpPort_SwitchState
 .text.start_pumping
                0x080020c0       0x18 ./Core/Src/gpio.o
                0x080020c0                start_pumping
 .text.stop_pumping
                0x080020d8       0x18 ./Core/Src/gpio.o
                0x080020d8                stop_pumping
 .text.pump_cycle
                0x080020f0       0x58 ./Core/Src/gpio.o
                0x080020f0                pump_cycle
 .text.MX_I2C1_Init
                0x08002148       0x5c ./Core/Src/i2c.o
                0x08002148                MX_I2C1_Init
 .text.HAL_I2C_MspInit
                0x080021a4      0x17c ./Core/Src/i2c.o
                0x080021a4                HAL_I2C_MspInit
 .text.Injector_Start
                0x08002320       0x84 ./Core/Src/l99sd.o
                0x08002320                Injector_Start
 .text.L99SD_Init
                0x080023a4       0x26 ./Core/Src/l99sd.o
                0x080023a4                L99SD_Init
 .text.L99SD_Stop
                0x080023ca       0x42 ./Core/Src/l99sd.o
                0x080023ca                L99SD_Stop
 .text.SyncPort_SwitchState
                0x0800240c       0x98 ./Core/Src/l99sd.o
                0x0800240c                SyncPort_SwitchState
 .text.pwm_out_2
                0x080024a4      0x104 ./Core/Src/l99sd.o
                0x080024a4                pwm_out_2
 .text.main     0x080025a8       0x8c ./Core/Src/main.o
                0x080025a8                main
 .text.SystemClock_Config
                0x08002634       0x8c ./Core/Src/main.o
                0x08002634                SystemClock_Config
 .text.freq_calculation
                0x080026c0       0x48 ./Core/Src/main.o
                0x080026c0                freq_calculation
 .text.freq_in_1
                0x08002708       0x74 ./Core/Src/main.o
                0x08002708                freq_in_1
 .text.HAL_GPIO_EXTI_Callback
                0x0800277c       0x2c ./Core/Src/main.o
                0x0800277c                HAL_GPIO_EXTI_Callback
 .text.digit_out_1
                0x080027a8       0x34 ./Core/Src/main.o
                0x080027a8                digit_out_1
 .text.Error_Handler
                0x080027dc        0xc ./Core/Src/main.o
                0x080027dc                Error_Handler
 .text.MX_SPI2_Init
                0x080027e8       0x70 ./Core/Src/spi.o
                0x080027e8                MX_SPI2_Init
 .text.HAL_SPI_MspInit
                0x08002858       0x90 ./Core/Src/spi.o
                0x08002858                HAL_SPI_MspInit
 .text.KType_Init
                0x080028e8       0x38 ./Core/Src/spi.o
                0x080028e8                KType_Init
 .text.HAL_MspInit
                0x08002920       0x4c ./Core/Src/stm32f2xx_hal_msp.o
                0x08002920                HAL_MspInit
 .text.NMI_Handler
                0x0800296c        0x8 ./Core/Src/stm32f2xx_it.o
                0x0800296c                NMI_Handler
 .text.HardFault_Handler
                0x08002974        0x8 ./Core/Src/stm32f2xx_it.o
                0x08002974                HardFault_Handler
 .text.MemManage_Handler
                0x0800297c        0x8 ./Core/Src/stm32f2xx_it.o
                0x0800297c                MemManage_Handler
 .text.BusFault_Handler
                0x08002984        0x8 ./Core/Src/stm32f2xx_it.o
                0x08002984                BusFault_Handler
 .text.UsageFault_Handler
                0x0800298c        0x8 ./Core/Src/stm32f2xx_it.o
                0x0800298c                UsageFault_Handler
 .text.SVC_Handler
                0x08002994        0xc ./Core/Src/stm32f2xx_it.o
                0x08002994                SVC_Handler
 .text.DebugMon_Handler
                0x080029a0        0xc ./Core/Src/stm32f2xx_it.o
                0x080029a0                DebugMon_Handler
 .text.PendSV_Handler
                0x080029ac        0xc ./Core/Src/stm32f2xx_it.o
                0x080029ac                PendSV_Handler
 .text.SysTick_Handler
                0x080029b8        0xc ./Core/Src/stm32f2xx_it.o
                0x080029b8                SysTick_Handler
 .text.DMA1_Stream0_IRQHandler
                0x080029c4       0x14 ./Core/Src/stm32f2xx_it.o
                0x080029c4                DMA1_Stream0_IRQHandler
 .text.DMA1_Stream6_IRQHandler
                0x080029d8       0x14 ./Core/Src/stm32f2xx_it.o
                0x080029d8                DMA1_Stream6_IRQHandler
 .text.CAN1_RX0_IRQHandler
                0x080029ec       0x14 ./Core/Src/stm32f2xx_it.o
                0x080029ec                CAN1_RX0_IRQHandler
 .text.TIM1_CC_IRQHandler
                0x08002a00       0x14 ./Core/Src/stm32f2xx_it.o
                0x08002a00                TIM1_CC_IRQHandler
 .text.TIM2_IRQHandler
                0x08002a14       0x20 ./Core/Src/stm32f2xx_it.o
                0x08002a14                TIM2_IRQHandler
 .text.TIM3_IRQHandler
                0x08002a34       0x28 ./Core/Src/stm32f2xx_it.o
                0x08002a34                TIM3_IRQHandler
 .text.I2C1_EV_IRQHandler
                0x08002a5c       0x14 ./Core/Src/stm32f2xx_it.o
                0x08002a5c                I2C1_EV_IRQHandler
 .text.I2C1_ER_IRQHandler
                0x08002a70       0x14 ./Core/Src/stm32f2xx_it.o
                0x08002a70                I2C1_ER_IRQHandler
 .text.EXTI15_10_IRQHandler
                0x08002a84       0x10 ./Core/Src/stm32f2xx_it.o
                0x08002a84                EXTI15_10_IRQHandler
 .text.TIM5_IRQHandler
                0x08002a94       0x18 ./Core/Src/stm32f2xx_it.o
                0x08002a94                TIM5_IRQHandler
 .text.TIM7_IRQHandler
                0x08002aac       0x28 ./Core/Src/stm32f2xx_it.o
                0x08002aac                TIM7_IRQHandler
 .text.DMA2_Stream0_IRQHandler
                0x08002ad4       0x14 ./Core/Src/stm32f2xx_it.o
                0x08002ad4                DMA2_Stream0_IRQHandler
 .text.HAL_CAN_RxFifo0MsgPendingCallback
                0x08002ae8       0x38 ./Core/Src/stm32f2xx_it.o
                0x08002ae8                HAL_CAN_RxFifo0MsgPendingCallback
 .text.SystemInit
                0x08002b20        0xc ./Core/Src/system_stm32f2xx.o
                0x08002b20                SystemInit
 .text.MX_TIM1_Init
                0x08002b2c      0x15c ./Core/Src/tim.o
                0x08002b2c                MX_TIM1_Init
 .text.MX_TIM2_Init
                0x08002c88       0x9c ./Core/Src/tim.o
                0x08002c88                MX_TIM2_Init
 .text.MX_TIM3_Init
                0x08002d24       0x9c ./Core/Src/tim.o
                0x08002d24                MX_TIM3_Init
 .text.MX_TIM5_Init
                0x08002dc0       0x9c ./Core/Src/tim.o
                0x08002dc0                MX_TIM5_Init
 .text.MX_TIM7_Init
                0x08002e5c       0x6c ./Core/Src/tim.o
                0x08002e5c                MX_TIM7_Init
 .text.MX_TIM13_Init
                0x08002ec8       0x98 ./Core/Src/tim.o
                0x08002ec8                MX_TIM13_Init
 .text.HAL_TIM_Base_MspInit
                0x08002f60      0x168 ./Core/Src/tim.o
                0x08002f60                HAL_TIM_Base_MspInit
 .text.HAL_TIM_MspPostInit
                0x080030c8       0x74 ./Core/Src/tim.o
                0x080030c8                HAL_TIM_MspPostInit
 .text.Reset_Handler
                0x0800313c       0x50 ./Core/Startup/startup_stm32f205rbtx.o
                0x0800313c                Reset_Handler
 .text.Default_Handler
                0x0800318c        0x2 ./Core/Startup/startup_stm32f205rbtx.o
                0x0800318c                RTC_Alarm_IRQHandler
                0x0800318c                HASH_RNG_IRQHandler
                0x0800318c                EXTI2_IRQHandler
                0x0800318c                TIM8_CC_IRQHandler
                0x0800318c                DMA2_Stream5_IRQHandler
                0x0800318c                DMA1_Stream5_IRQHandler
                0x0800318c                PVD_IRQHandler
                0x0800318c                SDIO_IRQHandler
                0x0800318c                TAMP_STAMP_IRQHandler
                0x0800318c                CAN2_RX1_IRQHandler
                0x0800318c                EXTI3_IRQHandler
                0x0800318c                TIM8_TRG_COM_TIM14_IRQHandler
                0x0800318c                TIM1_UP_TIM10_IRQHandler
                0x0800318c                TIM8_UP_TIM13_IRQHandler
                0x0800318c                I2C3_ER_IRQHandler
                0x0800318c                EXTI0_IRQHandler
                0x0800318c                I2C2_EV_IRQHandler
                0x0800318c                DMA1_Stream2_IRQHandler
                0x0800318c                OTG_HS_WKUP_IRQHandler
                0x0800318c                CAN2_SCE_IRQHandler
                0x0800318c                DMA2_Stream2_IRQHandler
                0x0800318c                SPI1_IRQHandler
                0x0800318c                TIM6_DAC_IRQHandler
                0x0800318c                TIM1_BRK_TIM9_IRQHandler
                0x0800318c                CAN2_RX0_IRQHandler
                0x0800318c                DMA2_Stream3_IRQHandler
                0x0800318c                USART6_IRQHandler
                0x0800318c                USART3_IRQHandler
                0x0800318c                CAN1_RX1_IRQHandler
                0x0800318c                UART5_IRQHandler
                0x0800318c                TIM4_IRQHandler
                0x0800318c                DMA1_Stream1_IRQHandler
                0x0800318c                UART4_IRQHandler
                0x0800318c                RCC_IRQHandler
                0x0800318c                TIM8_BRK_TIM12_IRQHandler
                0x0800318c                Default_Handler
                0x0800318c                ADC_IRQHandler
                0x0800318c                DMA1_Stream7_IRQHandler
                0x0800318c                CAN2_TX_IRQHandler
                0x0800318c                DMA2_Stream7_IRQHandler
                0x0800318c                I2C3_EV_IRQHandler
                0x0800318c                EXTI9_5_IRQHandler
                0x0800318c                RTC_WKUP_IRQHandler
                0x0800318c                SPI2_IRQHandler
                0x0800318c                OTG_HS_EP1_IN_IRQHandler
                0x0800318c                CAN1_TX_IRQHandler
                0x0800318c                EXTI4_IRQHandler
                0x0800318c                FSMC_IRQHandler
                0x0800318c                OTG_HS_EP1_OUT_IRQHandler
                0x0800318c                WWDG_IRQHandler
                0x0800318c                OTG_FS_WKUP_IRQHandler
                0x0800318c                TIM1_TRG_COM_TIM11_IRQHandler
                0x0800318c                OTG_HS_IRQHandler
                0x0800318c                EXTI1_IRQHandler
                0x0800318c                USART2_IRQHandler
                0x0800318c                I2C2_ER_IRQHandler
                0x0800318c                DMA2_Stream1_IRQHandler
                0x0800318c                CAN1_SCE_IRQHandler
                0x0800318c                FLASH_IRQHandler
                0x0800318c                DMA2_Stream4_IRQHandler
                0x0800318c                USART1_IRQHandler
                0x0800318c                OTG_FS_IRQHandler
                0x0800318c                SPI3_IRQHandler
                0x0800318c                DMA1_Stream4_IRQHandler
                0x0800318c                DMA2_Stream6_IRQHandler
                0x0800318c                DMA1_Stream3_IRQHandler
 *fill*         0x0800318e        0x2 
 .text.HAL_Init
                0x08003190       0x44 ./Drivers/STM32F2xx_HAL_Driver/Src/stm32f2xx_hal.o
                0x08003190                HAL_Init
 .text.HAL_InitTick
                0x080031d4       0x60 ./Drivers/STM32F2xx_HAL_Driver/Src/stm32f2xx_hal.o
                0x080031d4                HAL_InitTick
 .text.HAL_IncTick
                0x08003234       0x24 ./Drivers/STM32F2xx_HAL_Driver/Src/stm32f2xx_hal.o
                0x08003234                HAL_IncTick
 .text.HAL_GetTick
                0x08003258       0x14 ./Drivers/STM32F2xx_HAL_Driver/Src/stm32f2xx_hal.o
                0x08003258                HAL_GetTick
 .text.HAL_ADC_Init
                0x0800326c       0x86 ./Drivers/STM32F2xx_HAL_Driver/Src/stm32f2xx_hal_adc.o
                0x0800326c                HAL_ADC_Init
 *fill*         0x080032f2        0x2 
 .text.HAL_ADC_Start_DMA
                0x080032f4      0x1bc ./Drivers/STM32F2xx_HAL_Driver/Src/stm32f2xx_hal_adc.o
                0x080032f4                HAL_ADC_Start_DMA
 .text.HAL_ADC_ConvCpltCallback
                0x080034b0       0x12 ./Drivers/STM32F2xx_HAL_Driver/Src/stm32f2xx_hal_adc.o
                0x080034b0                HAL_ADC_ConvCpltCallback
 .text.HAL_ADC_ConvHalfCpltCallback
                0x080034c2       0x12 ./Drivers/STM32F2xx_HAL_Driver/Src/stm32f2xx_hal_adc.o
                0x080034c2                HAL_ADC_ConvHalfCpltCallback
 .text.HAL_ADC_ErrorCallback
                0x080034d4       0x12 ./Drivers/STM32F2xx_HAL_Driver/Src/stm32f2xx_hal_adc.o
                0x080034d4                HAL_ADC_ErrorCallback
 *fill*         0x080034e6        0x2 
 .text.HAL_ADC_ConfigChannel
                0x080034e8      0x240 ./Drivers/STM32F2xx_HAL_Driver/Src/stm32f2xx_hal_adc.o
                0x080034e8                HAL_ADC_ConfigChannel
 .text.ADC_Init
                0x08003728      0x20c ./Drivers/STM32F2xx_HAL_Driver/Src/stm32f2xx_hal_adc.o
 .text.ADC_DMAConvCplt
                0x08003934       0xba ./Drivers/STM32F2xx_HAL_Driver/Src/stm32f2xx_hal_adc.o
 .text.ADC_DMAHalfConvCplt
                0x080039ee       0x1c ./Drivers/STM32F2xx_HAL_Driver/Src/stm32f2xx_hal_adc.o
 .text.ADC_DMAError
                0x08003a0a       0x2e ./Drivers/STM32F2xx_HAL_Driver/Src/stm32f2xx_hal_adc.o
 .text.HAL_CAN_Init
                0x08003a38      0x1f6 ./Drivers/STM32F2xx_HAL_Driver/Src/stm32f2xx_hal_can.o
                0x08003a38                HAL_CAN_Init
 *fill*         0x08003c2e        0x2 
 .text.HAL_CAN_ConfigFilter
                0x08003c30      0x1c0 ./Drivers/STM32F2xx_HAL_Driver/Src/stm32f2xx_hal_can.o
                0x08003c30                HAL_CAN_ConfigFilter
 .text.HAL_CAN_Start
                0x08003df0       0x88 ./Drivers/STM32F2xx_HAL_Driver/Src/stm32f2xx_hal_can.o
                0x08003df0                HAL_CAN_Start
 .text.HAL_CAN_AddTxMessage
                0x08003e78      0x19e ./Drivers/STM32F2xx_HAL_Driver/Src/stm32f2xx_hal_can.o
                0x08003e78                HAL_CAN_AddTxMessage
 .text.HAL_CAN_GetTxMailboxesFreeLevel
                0x08004016       0x68 ./Drivers/STM32F2xx_HAL_Driver/Src/stm32f2xx_hal_can.o
                0x08004016                HAL_CAN_GetTxMailboxesFreeLevel
 .text.HAL_CAN_GetRxMessage
                0x0800407e      0x242 ./Drivers/STM32F2xx_HAL_Driver/Src/stm32f2xx_hal_can.o
                0x0800407e                HAL_CAN_GetRxMessage
 .text.HAL_CAN_ActivateNotification
                0x080042c0       0x4a ./Drivers/STM32F2xx_HAL_Driver/Src/stm32f2xx_hal_can.o
                0x080042c0                HAL_CAN_ActivateNotification
 .text.HAL_CAN_IRQHandler
                0x0800430a      0x36e ./Drivers/STM32F2xx_HAL_Driver/Src/stm32f2xx_hal_can.o
                0x0800430a                HAL_CAN_IRQHandler
 .text.HAL_CAN_TxMailbox0CompleteCallback
                0x08004678       0x12 ./Drivers/STM32F2xx_HAL_Driver/Src/stm32f2xx_hal_can.o
                0x08004678                HAL_CAN_TxMailbox0CompleteCallback
 .text.HAL_CAN_TxMailbox1CompleteCallback
                0x0800468a       0x12 ./Drivers/STM32F2xx_HAL_Driver/Src/stm32f2xx_hal_can.o
                0x0800468a                HAL_CAN_TxMailbox1CompleteCallback
 .text.HAL_CAN_TxMailbox2CompleteCallback
                0x0800469c       0x12 ./Drivers/STM32F2xx_HAL_Driver/Src/stm32f2xx_hal_can.o
                0x0800469c                HAL_CAN_TxMailbox2CompleteCallback
 .text.HAL_CAN_TxMailbox0AbortCallback
                0x080046ae       0x12 ./Drivers/STM32F2xx_HAL_Driver/Src/stm32f2xx_hal_can.o
                0x080046ae                HAL_CAN_TxMailbox0AbortCallback
 .text.HAL_CAN_TxMailbox1AbortCallback
                0x080046c0       0x12 ./Drivers/STM32F2xx_HAL_Driver/Src/stm32f2xx_hal_can.o
                0x080046c0                HAL_CAN_TxMailbox1AbortCallback
 .text.HAL_CAN_TxMailbox2AbortCallback
                0x080046d2       0x12 ./Drivers/STM32F2xx_HAL_Driver/Src/stm32f2xx_hal_can.o
                0x080046d2                HAL_CAN_TxMailbox2AbortCallback
 .text.HAL_CAN_RxFifo0FullCallback
                0x080046e4       0x12 ./Drivers/STM32F2xx_HAL_Driver/Src/stm32f2xx_hal_can.o
                0x080046e4                HAL_CAN_RxFifo0FullCallback
 .text.HAL_CAN_RxFifo1MsgPendingCallback
                0x080046f6       0x12 ./Drivers/STM32F2xx_HAL_Driver/Src/stm32f2xx_hal_can.o
                0x080046f6                HAL_CAN_RxFifo1MsgPendingCallback
 .text.HAL_CAN_RxFifo1FullCallback
                0x08004708       0x12 ./Drivers/STM32F2xx_HAL_Driver/Src/stm32f2xx_hal_can.o
                0x08004708                HAL_CAN_RxFifo1FullCallback
 .text.HAL_CAN_SleepCallback
                0x0800471a       0x12 ./Drivers/STM32F2xx_HAL_Driver/Src/stm32f2xx_hal_can.o
                0x0800471a                HAL_CAN_SleepCallback
 .text.HAL_CAN_WakeUpFromRxMsgCallback
                0x0800472c       0x12 ./Drivers/STM32F2xx_HAL_Driver/Src/stm32f2xx_hal_can.o
                0x0800472c                HAL_CAN_WakeUpFromRxMsgCallback
 .text.HAL_CAN_ErrorCallback
                0x0800473e       0x12 ./Drivers/STM32F2xx_HAL_Driver/Src/stm32f2xx_hal_can.o
                0x0800473e                HAL_CAN_ErrorCallback
 .text.__NVIC_SetPriorityGrouping
                0x08004750       0x48 ./Drivers/STM32F2xx_HAL_Driver/Src/stm32f2xx_hal_cortex.o
 .text.__NVIC_GetPriorityGrouping
                0x08004798       0x1c ./Drivers/STM32F2xx_HAL_Driver/Src/stm32f2xx_hal_cortex.o
 .text.__NVIC_EnableIRQ
                0x080047b4       0x38 ./Drivers/STM32F2xx_HAL_Driver/Src/stm32f2xx_hal_cortex.o
 .text.__NVIC_SetPriority
                0x080047ec       0x54 ./Drivers/STM32F2xx_HAL_Driver/Src/stm32f2xx_hal_cortex.o
 .text.NVIC_EncodePriority
                0x08004840       0x64 ./Drivers/STM32F2xx_HAL_Driver/Src/stm32f2xx_hal_cortex.o
 .text.SysTick_Config
                0x080048a4       0x44 ./Drivers/STM32F2xx_HAL_Driver/Src/stm32f2xx_hal_cortex.o
 .text.HAL_NVIC_SetPriorityGrouping
                0x080048e8       0x16 ./Drivers/STM32F2xx_HAL_Driver/Src/stm32f2xx_hal_cortex.o
                0x080048e8                HAL_NVIC_SetPriorityGrouping
 .text.HAL_NVIC_SetPriority
                0x080048fe       0x38 ./Drivers/STM32F2xx_HAL_Driver/Src/stm32f2xx_hal_cortex.o
                0x080048fe                HAL_NVIC_SetPriority
 .text.HAL_NVIC_EnableIRQ
                0x08004936       0x1c ./Drivers/STM32F2xx_HAL_Driver/Src/stm32f2xx_hal_cortex.o
                0x08004936                HAL_NVIC_EnableIRQ
 .text.HAL_SYSTICK_Config
                0x08004952       0x18 ./Drivers/STM32F2xx_HAL_Driver/Src/stm32f2xx_hal_cortex.o
                0x08004952                HAL_SYSTICK_Config
 .text.HAL_DAC_Init
                0x0800496a       0x44 ./Drivers/STM32F2xx_HAL_Driver/Src/stm32f2xx_hal_dac.o
                0x0800496a                HAL_DAC_Init
 .text.HAL_DAC_ConfigChannel
                0x080049ae       0xb0 ./Drivers/STM32F2xx_HAL_Driver/Src/stm32f2xx_hal_dac.o
                0x080049ae                HAL_DAC_ConfigChannel
 *fill*         0x08004a5e        0x2 
 .text.HAL_DMA_Init
                0x08004a60      0x15c ./Drivers/STM32F2xx_HAL_Driver/Src/stm32f2xx_hal_dma.o
                0x08004a60                HAL_DMA_Init
 .text.HAL_DMA_Start_IT
                0x08004bbc       0xb0 ./Drivers/STM32F2xx_HAL_Driver/Src/stm32f2xx_hal_dma.o
                0x08004bbc                HAL_DMA_Start_IT
 .text.HAL_DMA_Abort_IT
                0x08004c6c       0x42 ./Drivers/STM32F2xx_HAL_Driver/Src/stm32f2xx_hal_dma.o
                0x08004c6c                HAL_DMA_Abort_IT
 *fill*         0x08004cae        0x2 
 .text.HAL_DMA_IRQHandler
                0x08004cb0      0x314 ./Drivers/STM32F2xx_HAL_Driver/Src/stm32f2xx_hal_dma.o
                0x08004cb0                HAL_DMA_IRQHandler
 .text.HAL_DMA_GetState
                0x08004fc4       0x1a ./Drivers/STM32F2xx_HAL_Driver/Src/stm32f2xx_hal_dma.o
                0x08004fc4                HAL_DMA_GetState
 .text.HAL_DMA_GetError
                0x08004fde       0x16 ./Drivers/STM32F2xx_HAL_Driver/Src/stm32f2xx_hal_dma.o
                0x08004fde                HAL_DMA_GetError
 .text.DMA_SetConfig
                0x08004ff4       0x5a ./Drivers/STM32F2xx_HAL_Driver/Src/stm32f2xx_hal_dma.o
 *fill*         0x0800504e        0x2 
 .text.DMA_CalcBaseAndBitshift
                0x08005050       0x68 ./Drivers/STM32F2xx_HAL_Driver/Src/stm32f2xx_hal_dma.o
 .text.DMA_CheckFifoParam
                0x080050b8       0xf4 ./Drivers/STM32F2xx_HAL_Driver/Src/stm32f2xx_hal_dma.o
 .text.HAL_GPIO_Init
                0x080051ac      0x33c ./Drivers/STM32F2xx_HAL_Driver/Src/stm32f2xx_hal_gpio.o
                0x080051ac                HAL_GPIO_Init
 .text.HAL_GPIO_WritePin
                0x080054e8       0x30 ./Drivers/STM32F2xx_HAL_Driver/Src/stm32f2xx_hal_gpio.o
                0x080054e8                HAL_GPIO_WritePin
 .text.HAL_GPIO_EXTI_IRQHandler
                0x08005518       0x30 ./Drivers/STM32F2xx_HAL_Driver/Src/stm32f2xx_hal_gpio.o
                0x08005518                HAL_GPIO_EXTI_IRQHandler
 .text.HAL_I2C_Init
                0x08005548      0x288 ./Drivers/STM32F2xx_HAL_Driver/Src/stm32f2xx_hal_i2c.o
                0x08005548                HAL_I2C_Init
 .text.I2C_Flush_DR
                0x080057d0       0x28 ./Drivers/STM32F2xx_HAL_Driver/Src/stm32f2xx_hal_i2c.o
 .text.HAL_I2C_Mem_Write_DMA
                0x080057f8      0x2bc ./Drivers/STM32F2xx_HAL_Driver/Src/stm32f2xx_hal_i2c.o
                0x080057f8                HAL_I2C_Mem_Write_DMA
 .text.HAL_I2C_Mem_Read_DMA
                0x08005ab4      0x320 ./Drivers/STM32F2xx_HAL_Driver/Src/stm32f2xx_hal_i2c.o
                0x08005ab4                HAL_I2C_Mem_Read_DMA
 .text.HAL_I2C_EV_IRQHandler
                0x08005dd4      0x2a6 ./Drivers/STM32F2xx_HAL_Driver/Src/stm32f2xx_hal_i2c.o
                0x08005dd4                HAL_I2C_EV_IRQHandler
 .text.HAL_I2C_ER_IRQHandler
                0x0800607a      0x13e ./Drivers/STM32F2xx_HAL_Driver/Src/stm32f2xx_hal_i2c.o
                0x0800607a                HAL_I2C_ER_IRQHandler
 .text.HAL_I2C_MasterTxCpltCallback
                0x080061b8       0x12 ./Drivers/STM32F2xx_HAL_Driver/Src/stm32f2xx_hal_i2c.o
                0x080061b8                HAL_I2C_MasterTxCpltCallback
 .text.HAL_I2C_MasterRxCpltCallback
                0x080061ca       0x12 ./Drivers/STM32F2xx_HAL_Driver/Src/stm32f2xx_hal_i2c.o
                0x080061ca                HAL_I2C_MasterRxCpltCallback
 .text.HAL_I2C_SlaveTxCpltCallback
                0x080061dc       0x12 ./Drivers/STM32F2xx_HAL_Driver/Src/stm32f2xx_hal_i2c.o
                0x080061dc                HAL_I2C_SlaveTxCpltCallback
 .text.HAL_I2C_SlaveRxCpltCallback
                0x080061ee       0x12 ./Drivers/STM32F2xx_HAL_Driver/Src/stm32f2xx_hal_i2c.o
                0x080061ee                HAL_I2C_SlaveRxCpltCallback
 .text.HAL_I2C_AddrCallback
                0x08006200       0x1a ./Drivers/STM32F2xx_HAL_Driver/Src/stm32f2xx_hal_i2c.o
                0x08006200                HAL_I2C_AddrCallback
 .text.HAL_I2C_ListenCpltCallback
                0x0800621a       0x12 ./Drivers/STM32F2xx_HAL_Driver/Src/stm32f2xx_hal_i2c.o
                0x0800621a                HAL_I2C_ListenCpltCallback
 .text.HAL_I2C_MemTxCpltCallback
                0x0800622c       0x12 ./Drivers/STM32F2xx_HAL_Driver/Src/stm32f2xx_hal_i2c.o
                0x0800622c                HAL_I2C_MemTxCpltCallback
 .text.HAL_I2C_MemRxCpltCallback
                0x0800623e       0x12 ./Drivers/STM32F2xx_HAL_Driver/Src/stm32f2xx_hal_i2c.o
                0x0800623e                HAL_I2C_MemRxCpltCallback
 .text.HAL_I2C_ErrorCallback
                0x08006250       0x12 ./Drivers/STM32F2xx_HAL_Driver/Src/stm32f2xx_hal_i2c.o
                0x08006250                HAL_I2C_ErrorCallback
 .text.HAL_I2C_AbortCpltCallback
                0x08006262       0x12 ./Drivers/STM32F2xx_HAL_Driver/Src/stm32f2xx_hal_i2c.o
                0x08006262                HAL_I2C_AbortCpltCallback
 .text.I2C_MasterTransmit_TXE
                0x08006274      0x138 ./Drivers/STM32F2xx_HAL_Driver/Src/stm32f2xx_hal_i2c.o
 .text.I2C_MasterTransmit_BTF
                0x080063ac       0xec ./Drivers/STM32F2xx_HAL_Driver/Src/stm32f2xx_hal_i2c.o
 .text.I2C_MemoryTransmit_TXE_BTF
                0x08006498      0x130 ./Drivers/STM32F2xx_HAL_Driver/Src/stm32f2xx_hal_i2c.o
 .text.I2C_MasterReceive_RXNE
                0x080065c8      0x176 ./Drivers/STM32F2xx_HAL_Driver/Src/stm32f2xx_hal_i2c.o
 .text.I2C_MasterReceive_BTF
                0x0800673e      0x1d4 ./Drivers/STM32F2xx_HAL_Driver/Src/stm32f2xx_hal_i2c.o
 .text.I2C_Master_SB
                0x08006912      0x10a ./Drivers/STM32F2xx_HAL_Driver/Src/stm32f2xx_hal_i2c.o
 .text.I2C_Master_ADD10
                0x08006a1c       0x52 ./Drivers/STM32F2xx_HAL_Driver/Src/stm32f2xx_hal_i2c.o
 .text.I2C_Master_ADDR
                0x08006a6e      0x320 ./Drivers/STM32F2xx_HAL_Driver/Src/stm32f2xx_hal_i2c.o
 .text.I2C_SlaveTransmit_TXE
                0x08006d8e       0x7a ./Drivers/STM32F2xx_HAL_Driver/Src/stm32f2xx_hal_i2c.o
 .text.I2C_SlaveTransmit_BTF
                0x08006e08       0x40 ./Drivers/STM32F2xx_HAL_Driver/Src/stm32f2xx_hal_i2c.o
 .text.I2C_SlaveReceive_RXNE
                0x08006e48       0x7c ./Drivers/STM32F2xx_HAL_Driver/Src/stm32f2xx_hal_i2c.o
 .text.I2C_SlaveReceive_BTF
                0x08006ec4       0x42 ./Drivers/STM32F2xx_HAL_Driver/Src/stm32f2xx_hal_i2c.o
 .text.I2C_Slave_ADDR
                0x08006f06       0x90 ./Drivers/STM32F2xx_HAL_Driver/Src/stm32f2xx_hal_i2c.o
 *fill*         0x08006f96        0x2 
 .text.I2C_Slave_STOPF
                0x08006f98      0x260 ./Drivers/STM32F2xx_HAL_Driver/Src/stm32f2xx_hal_i2c.o
 .text.I2C_Slave_AF
                0x080071f8       0xe8 ./Drivers/STM32F2xx_HAL_Driver/Src/stm32f2xx_hal_i2c.o
 .text.I2C_ITError
                0x080072e0      0x264 ./Drivers/STM32F2xx_HAL_Driver/Src/stm32f2xx_hal_i2c.o
 .text.I2C_RequestMemoryWrite
                0x08007544      0x12c ./Drivers/STM32F2xx_HAL_Driver/Src/stm32f2xx_hal_i2c.o
 .text.I2C_RequestMemoryRead
                0x08007670      0x1d0 ./Drivers/STM32F2xx_HAL_Driver/Src/stm32f2xx_hal_i2c.o
 .text.I2C_DMAXferCplt
                0x08007840      0x1aa ./Drivers/STM32F2xx_HAL_Driver/Src/stm32f2xx_hal_i2c.o
 .text.I2C_DMAError
                0x080079ea       0x7a ./Drivers/STM32F2xx_HAL_Driver/Src/stm32f2xx_hal_i2c.o
 .text.I2C_DMAAbort
                0x08007a64      0x150 ./Drivers/STM32F2xx_HAL_Driver/Src/stm32f2xx_hal_i2c.o
 .text.I2C_WaitOnFlagUntilTimeout
                0x08007bb4       0xf4 ./Drivers/STM32F2xx_HAL_Driver/Src/stm32f2xx_hal_i2c.o
 .text.I2C_WaitOnMasterAddressFlagUntilTimeout
                0x08007ca8      0x140 ./Drivers/STM32F2xx_HAL_Driver/Src/stm32f2xx_hal_i2c.o
 .text.I2C_WaitOnTXEFlagUntilTimeout
                0x08007de8       0x90 ./Drivers/STM32F2xx_HAL_Driver/Src/stm32f2xx_hal_i2c.o
 .text.I2C_WaitOnSTOPRequestThroughIT
                0x08007e78       0x64 ./Drivers/STM32F2xx_HAL_Driver/Src/stm32f2xx_hal_i2c.o
 .text.I2C_IsAcknowledgeFailed
                0x08007edc       0x5c ./Drivers/STM32F2xx_HAL_Driver/Src/stm32f2xx_hal_i2c.o
 .text.I2C_ConvertOtherXferOptions
                0x08007f38       0x34 ./Drivers/STM32F2xx_HAL_Driver/Src/stm32f2xx_hal_i2c.o
 .text.HAL_RCC_OscConfig
                0x08007f6c      0x4a8 ./Drivers/STM32F2xx_HAL_Driver/Src/stm32f2xx_hal_rcc.o
                0x08007f6c                HAL_RCC_OscConfig
 .text.HAL_RCC_ClockConfig
                0x08008414      0x1d8 ./Drivers/STM32F2xx_HAL_Driver/Src/stm32f2xx_hal_rcc.o
                0x08008414                HAL_RCC_ClockConfig
 .text.HAL_RCC_GetSysClockFreq
                0x080085ec      0x218 ./Drivers/STM32F2xx_HAL_Driver/Src/stm32f2xx_hal_rcc.o
                0x080085ec                HAL_RCC_GetSysClockFreq
 .text.HAL_RCC_GetHCLKFreq
                0x08008804       0x14 ./Drivers/STM32F2xx_HAL_Driver/Src/stm32f2xx_hal_rcc.o
                0x08008804                HAL_RCC_GetHCLKFreq
 .text.HAL_RCC_GetPCLK1Freq
                0x08008818       0x44 ./Drivers/STM32F2xx_HAL_Driver/Src/stm32f2xx_hal_rcc.o
                0x08008818                HAL_RCC_GetPCLK1Freq
 .text.HAL_SPI_Init
                0x0800885c      0x112 ./Drivers/STM32F2xx_HAL_Driver/Src/stm32f2xx_hal_spi.o
                0x0800885c                HAL_SPI_Init
 .text.HAL_TIM_Base_Init
                0x0800896e       0x9e ./Drivers/STM32F2xx_HAL_Driver/Src/stm32f2xx_hal_tim.o
                0x0800896e                HAL_TIM_Base_Init
 .text.HAL_TIM_Base_Start_IT
                0x08008a0c       0xdc ./Drivers/STM32F2xx_HAL_Driver/Src/stm32f2xx_hal_tim.o
                0x08008a0c                HAL_TIM_Base_Start_IT
 .text.HAL_TIM_Base_Stop_IT
                0x08008ae8       0x5c ./Drivers/STM32F2xx_HAL_Driver/Src/stm32f2xx_hal_tim.o
                0x08008ae8                HAL_TIM_Base_Stop_IT
 .text.HAL_TIM_OC_Init
                0x08008b44       0x9e ./Drivers/STM32F2xx_HAL_Driver/Src/stm32f2xx_hal_tim.o
                0x08008b44                HAL_TIM_OC_Init
 .text.HAL_TIM_OC_MspInit
                0x08008be2       0x12 ./Drivers/STM32F2xx_HAL_Driver/Src/stm32f2xx_hal_tim.o
                0x08008be2                HAL_TIM_OC_MspInit
 .text.HAL_TIM_PWM_Init
                0x08008bf4       0x9e ./Drivers/STM32F2xx_HAL_Driver/Src/stm32f2xx_hal_tim.o
                0x08008bf4                HAL_TIM_PWM_Init
 .text.HAL_TIM_PWM_MspInit
                0x08008c92       0x12 ./Drivers/STM32F2xx_HAL_Driver/Src/stm32f2xx_hal_tim.o
                0x08008c92                HAL_TIM_PWM_MspInit
 .text.HAL_TIM_PWM_Start
                0x08008ca4      0x190 ./Drivers/STM32F2xx_HAL_Driver/Src/stm32f2xx_hal_tim.o
                0x08008ca4                HAL_TIM_PWM_Start
 .text.HAL_TIM_PWM_Stop
                0x08008e34       0xe0 ./Drivers/STM32F2xx_HAL_Driver/Src/stm32f2xx_hal_tim.o
                0x08008e34                HAL_TIM_PWM_Stop
 .text.HAL_TIM_IC_Start
                0x08008f14      0x1b8 ./Drivers/STM32F2xx_HAL_Driver/Src/stm32f2xx_hal_tim.o
                0x08008f14                HAL_TIM_IC_Start
 .text.HAL_TIM_IRQHandler
                0x080090cc      0x210 ./Drivers/STM32F2xx_HAL_Driver/Src/stm32f2xx_hal_tim.o
                0x080090cc                HAL_TIM_IRQHandler
 .text.HAL_TIM_OC_ConfigChannel
                0x080092dc       0xb8 ./Drivers/STM32F2xx_HAL_Driver/Src/stm32f2xx_hal_tim.o
                0x080092dc                HAL_TIM_OC_ConfigChannel
 .text.HAL_TIM_PWM_ConfigChannel
                0x08009394      0x184 ./Drivers/STM32F2xx_HAL_Driver/Src/stm32f2xx_hal_tim.o
                0x08009394                HAL_TIM_PWM_ConfigChannel
 .text.HAL_TIM_ConfigClockSource
                0x08009518      0x18e ./Drivers/STM32F2xx_HAL_Driver/Src/stm32f2xx_hal_tim.o
                0x08009518                HAL_TIM_ConfigClockSource
 .text.HAL_TIM_PeriodElapsedCallback
                0x080096a6       0x12 ./Drivers/STM32F2xx_HAL_Driver/Src/stm32f2xx_hal_tim.o
                0x080096a6                HAL_TIM_PeriodElapsedCallback
 .text.HAL_TIM_OC_DelayElapsedCallback
                0x080096b8       0x12 ./Drivers/STM32F2xx_HAL_Driver/Src/stm32f2xx_hal_tim.o
                0x080096b8                HAL_TIM_OC_DelayElapsedCallback
 .text.HAL_TIM_IC_CaptureCallback
                0x080096ca       0x12 ./Drivers/STM32F2xx_HAL_Driver/Src/stm32f2xx_hal_tim.o
                0x080096ca                HAL_TIM_IC_CaptureCallback
 .text.HAL_TIM_PWM_PulseFinishedCallback
                0x080096dc       0x12 ./Drivers/STM32F2xx_HAL_Driver/Src/stm32f2xx_hal_tim.o
                0x080096dc                HAL_TIM_PWM_PulseFinishedCallback
 .text.HAL_TIM_TriggerCallback
                0x080096ee       0x12 ./Drivers/STM32F2xx_HAL_Driver/Src/stm32f2xx_hal_tim.o
                0x080096ee                HAL_TIM_TriggerCallback
 .text.TIM_Base_SetConfig
                0x08009700      0x13c ./Drivers/STM32F2xx_HAL_Driver/Src/stm32f2xx_hal_tim.o
                0x08009700                TIM_Base_SetConfig
 .text.TIM_OC1_SetConfig
                0x0800983c       0xe0 ./Drivers/STM32F2xx_HAL_Driver/Src/stm32f2xx_hal_tim.o
 .text.TIM_OC2_SetConfig
                0x0800991c       0xe8 ./Drivers/STM32F2xx_HAL_Driver/Src/stm32f2xx_hal_tim.o
                0x0800991c                TIM_OC2_SetConfig
 .text.TIM_OC3_SetConfig
                0x08009a04       0xe8 ./Drivers/STM32F2xx_HAL_Driver/Src/stm32f2xx_hal_tim.o
 .text.TIM_OC4_SetConfig
                0x08009aec       0xa8 ./Drivers/STM32F2xx_HAL_Driver/Src/stm32f2xx_hal_tim.o
 .text.TIM_TI1_ConfigInputStage
                0x08009b94       0x5c ./Drivers/STM32F2xx_HAL_Driver/Src/stm32f2xx_hal_tim.o
 .text.TIM_TI2_ConfigInputStage
                0x08009bf0       0x5e ./Drivers/STM32F2xx_HAL_Driver/Src/stm32f2xx_hal_tim.o
 .text.TIM_ITRx_SetConfig
                0x08009c4e       0x34 ./Drivers/STM32F2xx_HAL_Driver/Src/stm32f2xx_hal_tim.o
 .text.TIM_ETR_SetConfig
                0x08009c82       0x3e ./Drivers/STM32F2xx_HAL_Driver/Src/stm32f2xx_hal_tim.o
                0x08009c82                TIM_ETR_SetConfig
 .text.TIM_CCxChannelCmd
                0x08009cc0       0x48 ./Drivers/STM32F2xx_HAL_Driver/Src/stm32f2xx_hal_tim.o
                0x08009cc0                TIM_CCxChannelCmd
 .text.HAL_TIMEx_MasterConfigSynchronization
                0x08009d08       0xf4 ./Drivers/STM32F2xx_HAL_Driver/Src/stm32f2xx_hal_tim_ex.o
                0x08009d08                HAL_TIMEx_MasterConfigSynchronization
 .text.HAL_TIMEx_ConfigBreakDeadTime
                0x08009dfc       0xa2 ./Drivers/STM32F2xx_HAL_Driver/Src/stm32f2xx_hal_tim_ex.o
                0x08009dfc                HAL_TIMEx_ConfigBreakDeadTime
 .text.HAL_TIMEx_CommutCallback
                0x08009e9e       0x12 ./Drivers/STM32F2xx_HAL_Driver/Src/stm32f2xx_hal_tim_ex.o
                0x08009e9e                HAL_TIMEx_CommutCallback
 .text.HAL_TIMEx_BreakCallback
                0x08009eb0       0x12 ./Drivers/STM32F2xx_HAL_Driver/Src/stm32f2xx_hal_tim_ex.o
                0x08009eb0                HAL_TIMEx_BreakCallback
 *fill*         0x08009ec2        0x2 
 .text.MX_FATFS_Init
                0x08009ec4       0x24 ./FATFS/App/fatfs.o
                0x08009ec4                MX_FATFS_Init
 .text.USER_initialize
                0x08009ee8       0x24 ./FATFS/Target/user_diskio.o
                0x08009ee8                USER_initialize
 .text.USER_status
                0x08009f0c       0x24 ./FATFS/Target/user_diskio.o
                0x08009f0c                USER_status
 .text.USER_read
                0x08009f30       0x1c ./FATFS/Target/user_diskio.o
                0x08009f30                USER_read
 .text.USER_write
                0x08009f4c       0x1c ./FATFS/Target/user_diskio.o
                0x08009f4c                USER_write
 .text.USER_ioctl
                0x08009f68       0x20 ./FATFS/Target/user_diskio.o
                0x08009f68                USER_ioctl
 .text.get_error_quantity
                0x08009f88      0x12c ./HCI_AS/Src/errors.o
                0x08009f88                get_error_quantity
 *fill*         0x0800a0b4        0x4 
 .text.fuel_mass_calculation
                0x0800a0b8      0x124 ./HCI_AS/Src/fuel_mass_calculation.o
                0x0800a0b8                fuel_mass_calculation
 .text.correction_gain_initial_calculation
                0x0800a1dc       0x1c ./HCI_AS/Src/fuel_mass_calculation.o
                0x0800a1dc                correction_gain_initial_calculation
 .text.correction_gain_recalculation
                0x0800a1f8       0x8c ./HCI_AS/Src/fuel_mass_calculation.o
                0x0800a1f8                correction_gain_recalculation
 *fill*         0x0800a284        0x4 
 .text.hci_ctrl
                0x0800a288     0x11c4 ./HCI_AS/Src/hci.o
                0x0800a288                hci_ctrl
 *fill*         0x0800b44c        0x4 
 .text.doc_out_stablility_check
                0x0800b450      0x1a8 ./HCI_AS/Src/hci.o
                0x0800b450                doc_out_stablility_check
 .text.dpf_out_trand_calculation
                0x0800b5f8       0x34 ./HCI_AS/Src/hci.o
                0x0800b5f8                dpf_out_trand_calculation
 *fill*         0x0800b62c        0x4 
 .text.dpf_out_stablility_check
                0x0800b630      0x1a8 ./HCI_AS/Src/hci.o
                0x0800b630                dpf_out_stablility_check
 .text.pwm_calculation
                0x0800b7d8      0x168 ./HCI_AS/Src/hci.o
                0x0800b7d8                pwm_calculation
 .text.rt_GetLookupIndex
                0x0800b940      0x1e8 ./HCI_AS/Src/rt_look.o
                0x0800b940                rt_GetLookupIndex
 .text.rt_Lookup
                0x0800bb28       0xe0 ./HCI_AS/Src/rt_look1d.o
                0x0800bb28                rt_Lookup
 .text.get_sensors_value
                0x0800bc08      0x46c ./HCI_AS/Src/sensors.o
                0x0800bc08                get_sensors_value
 .text.FATFS_LinkDriverEx
                0x0800c074       0x94 ./Middlewares/Third_Party/FatFs/src/ff_gen_drv.o
                0x0800c074                FATFS_LinkDriverEx
 .text.FATFS_LinkDriver
                0x0800c108       0x1e ./Middlewares/Third_Party/FatFs/src/ff_gen_drv.o
                0x0800c108                FATFS_LinkDriver
 .text.memset   0x0800c126       0x10 C:/ST/STM32CubeIDE_1.15.0/STM32CubeIDE/plugins/com.st.stm32cube.ide.mcu.externaltools.gnu-tools-for-stm32.12.3.rel1.win32_1.0.100.202403111256/tools/bin/../lib/gcc/arm-none-eabi/12.3.1/../../../../arm-none-eabi/lib/thumb/v7-m/nofp\libc_nano.a(libc_a-memset.o)
                0x0800c126                memset
 *fill*         0x0800c136        0x2 
 .text.__errno  0x0800c138        0xc C:/ST/STM32CubeIDE_1.15.0/STM32CubeIDE/plugins/com.st.stm32cube.ide.mcu.externaltools.gnu-tools-for-stm32.12.3.rel1.win32_1.0.100.202403111256/tools/bin/../lib/gcc/arm-none-eabi/12.3.1/../../../../arm-none-eabi/lib/thumb/v7-m/nofp\libc_nano.a(libc_a-errno.o)
                0x0800c138                __errno
 .text.__libc_init_array
                0x0800c144       0x48 C:/ST/STM32CubeIDE_1.15.0/STM32CubeIDE/plugins/com.st.stm32cube.ide.mcu.externaltools.gnu-tools-for-stm32.12.3.rel1.win32_1.0.100.202403111256/tools/bin/../lib/gcc/arm-none-eabi/12.3.1/../../../../arm-none-eabi/lib/thumb/v7-m/nofp\libc_nano.a(libc_a-init.o)
                0x0800c144                __libc_init_array
 .text.memcpy   0x0800c18c       0x1c C:/ST/STM32CubeIDE_1.15.0/STM32CubeIDE/plugins/com.st.stm32cube.ide.mcu.externaltools.gnu-tools-for-stm32.12.3.rel1.win32_1.0.100.202403111256/tools/bin/../lib/gcc/arm-none-eabi/12.3.1/../../../../arm-none-eabi/lib/thumb/v7-m/nofp\libc_nano.a(libc_a-memcpy-stub.o)
                0x0800c18c                memcpy
 .text.sqrt     0x0800c1a8       0x48 C:/ST/STM32CubeIDE_1.15.0/STM32CubeIDE/plugins/com.st.stm32cube.ide.mcu.externaltools.gnu-tools-for-stm32.12.3.rel1.win32_1.0.100.202403111256/tools/bin/../lib/gcc/arm-none-eabi/12.3.1/../../../../arm-none-eabi/lib/thumb/v7-m/nofp\libm.a(libm_a-w_sqrt.o)
                0x0800c1a8                sqrt
 .text.__ieee754_sqrt
                0x0800c1f0      0x1ac C:/ST/STM32CubeIDE_1.15.0/STM32CubeIDE/plugins/com.st.stm32cube.ide.mcu.externaltools.gnu-tools-for-stm32.12.3.rel1.win32_1.0.100.202403111256/tools/bin/../lib/gcc/arm-none-eabi/12.3.1/../../../../arm-none-eabi/lib/thumb/v7-m/nofp\libm.a(libm_a-e_sqrt.o)
                0x0800c1f0                __ieee754_sqrt
 *(.glue_7)
 .glue_7        0x0800c39c        0x0 linker stubs
 *(.glue_7t)
 .glue_7t       0x0800c39c        0x0 linker stubs
 *(.eh_frame)
 .eh_frame      0x0800c39c        0x0 C:/ST/STM32CubeIDE_1.15.0/STM32CubeIDE/plugins/com.st.stm32cube.ide.mcu.externaltools.gnu-tools-for-stm32.12.3.rel1.win32_1.0.100.202403111256/tools/bin/../lib/gcc/arm-none-eabi/12.3.1/thumb/v7-m/nofp/crtbegin.o
 *(.init)
 .init          0x0800c39c        0x4 C:/ST/STM32CubeIDE_1.15.0/STM32CubeIDE/plugins/com.st.stm32cube.ide.mcu.externaltools.gnu-tools-for-stm32.12.3.rel1.win32_1.0.100.202403111256/tools/bin/../lib/gcc/arm-none-eabi/12.3.1/thumb/v7-m/nofp/crti.o
                0x0800c39c                _init
 .init          0x0800c3a0        0x8 C:/ST/STM32CubeIDE_1.15.0/STM32CubeIDE/plugins/com.st.stm32cube.ide.mcu.externaltools.gnu-tools-for-stm32.12.3.rel1.win32_1.0.100.202403111256/tools/bin/../lib/gcc/arm-none-eabi/12.3.1/thumb/v7-m/nofp/crtn.o
 *(.fini)
 .fini          0x0800c3a8        0x4 C:/ST/STM32CubeIDE_1.15.0/STM32CubeIDE/plugins/com.st.stm32cube.ide.mcu.externaltools.gnu-tools-for-stm32.12.3.rel1.win32_1.0.100.202403111256/tools/bin/../lib/gcc/arm-none-eabi/12.3.1/thumb/v7-m/nofp/crti.o
                0x0800c3a8                _fini
 .fini          0x0800c3ac        0x8 C:/ST/STM32CubeIDE_1.15.0/STM32CubeIDE/plugins/com.st.stm32cube.ide.mcu.externaltools.gnu-tools-for-stm32.12.3.rel1.win32_1.0.100.202403111256/tools/bin/../lib/gcc/arm-none-eabi/12.3.1/thumb/v7-m/nofp/crtn.o
                0x0800c3b4                        . = ALIGN (0x4)
                0x0800c3b4                        _etext = .

.vfp11_veneer   0x0800c3b4        0x0
 .vfp11_veneer  0x0800c3b4        0x0 linker stubs

.v4_bx          0x0800c3b4        0x0
 .v4_bx         0x0800c3b4        0x0 linker stubs

.iplt           0x0800c3b4        0x0
 .iplt          0x0800c3b4        0x0 C:/ST/STM32CubeIDE_1.15.0/STM32CubeIDE/plugins/com.st.stm32cube.ide.mcu.externaltools.gnu-tools-for-stm32.12.3.rel1.win32_1.0.100.202403111256/tools/bin/../lib/gcc/arm-none-eabi/12.3.1/thumb/v7-m/nofp/crtbegin.o

.rodata         0x0800c3b4       0x20
                0x0800c3b4                        . = ALIGN (0x4)
 *(.rodata)
 *(.rodata*)
 .rodata.AHBPrescTable
                0x0800c3b4       0x10 ./Core/Src/system_stm32f2xx.o
                0x0800c3b4                AHBPrescTable
 .rodata.APBPrescTable
                0x0800c3c4        0x8 ./Core/Src/system_stm32f2xx.o
                0x0800c3c4                APBPrescTable
 .rodata.flagBitshiftOffset.0
                0x0800c3cc        0x8 ./Drivers/STM32F2xx_HAL_Driver/Src/stm32f2xx_hal_dma.o
                0x0800c3d4                        . = ALIGN (0x4)

.ARM.extab      0x0800c3d4        0x0
                0x0800c3d4                        . = ALIGN (0x4)
 *(.ARM.extab* .gnu.linkonce.armextab.*)
                0x0800c3d4                        . = ALIGN (0x4)

.ARM            0x0800c3d4        0x8
                0x0800c3d4                        . = ALIGN (0x4)
                0x0800c3d4                        __exidx_start = .
 *(.ARM.exidx*)
 .ARM.exidx     0x0800c3d4        0x8 C:/ST/STM32CubeIDE_1.15.0/STM32CubeIDE/plugins/com.st.stm32cube.ide.mcu.externaltools.gnu-tools-for-stm32.12.3.rel1.win32_1.0.100.202403111256/tools/bin/../lib/gcc/arm-none-eabi/12.3.1/thumb/v7-m/nofp\libgcc.a(_udivmoddi4.o)
                0x0800c3dc                        __exidx_end = .
                0x0800c3dc                        . = ALIGN (0x4)

.preinit_array  0x0800c3dc        0x0
                0x0800c3dc                        . = ALIGN (0x4)
                0x0800c3dc                        PROVIDE (__preinit_array_start = .)
 *(.preinit_array*)
                0x0800c3dc                        PROVIDE (__preinit_array_end = .)
                0x0800c3dc                        . = ALIGN (0x4)

.init_array     0x0800c3dc        0x4
                0x0800c3dc                        . = ALIGN (0x4)
                0x0800c3dc                        PROVIDE (__init_array_start = .)
 *(SORT_BY_NAME(.init_array.*))
 *(.init_array*)
 .init_array    0x0800c3dc        0x4 C:/ST/STM32CubeIDE_1.15.0/STM32CubeIDE/plugins/com.st.stm32cube.ide.mcu.externaltools.gnu-tools-for-stm32.12.3.rel1.win32_1.0.100.202403111256/tools/bin/../lib/gcc/arm-none-eabi/12.3.1/thumb/v7-m/nofp/crtbegin.o
                0x0800c3e0                        PROVIDE (__init_array_end = .)
                0x0800c3e0                        . = ALIGN (0x4)

.fini_array     0x0800c3e0        0x4
                0x0800c3e0                        . = ALIGN (0x4)
                [!provide]                        PROVIDE (__fini_array_start = .)
 *(SORT_BY_NAME(.fini_array.*))
 *(.fini_array*)
 .fini_array    0x0800c3e0        0x4 C:/ST/STM32CubeIDE_1.15.0/STM32CubeIDE/plugins/com.st.stm32cube.ide.mcu.externaltools.gnu-tools-for-stm32.12.3.rel1.win32_1.0.100.202403111256/tools/bin/../lib/gcc/arm-none-eabi/12.3.1/thumb/v7-m/nofp/crtbegin.o
                [!provide]                        PROVIDE (__fini_array_end = .)
                0x0800c3e4                        . = ALIGN (0x4)
                0x0800c3e4                        _sidata = LOADADDR (.data)

.rel.dyn        0x0800c3e4        0x0
 .rel.iplt      0x0800c3e4        0x0 C:/ST/STM32CubeIDE_1.15.0/STM32CubeIDE/plugins/com.st.stm32cube.ide.mcu.externaltools.gnu-tools-for-stm32.12.3.rel1.win32_1.0.100.202403111256/tools/bin/../lib/gcc/arm-none-eabi/12.3.1/thumb/v7-m/nofp/crtbegin.o

.data           0x20000000      0x4c0 load address 0x0800c3e4
                0x20000000                        . = ALIGN (0x4)
                0x20000000                        _sdata = .
 *(.data)
 *(.data*)
 .data.receive_message_9
                0x20000000       0x18 ./Core/Src/J1939.o
                0x20000000                receive_message_9
 .data.receive_message_8
                0x20000018       0x18 ./Core/Src/J1939.o
                0x20000018                receive_message_8
 .data.receive_message_7
                0x20000030       0x18 ./Core/Src/J1939.o
                0x20000030                receive_message_7
 .data.receive_message_6
                0x20000048       0x18 ./Core/Src/J1939.o
                0x20000048                receive_message_6
 .data.receive_message_5
                0x20000060       0x18 ./Core/Src/J1939.o
                0x20000060                receive_message_5
 .data.receive_message_4
                0x20000078       0x18 ./Core/Src/J1939.o
                0x20000078                receive_message_4
 .data.receive_message_3
                0x20000090       0x18 ./Core/Src/J1939.o
                0x20000090                receive_message_3
 .data.receive_message_2
                0x200000a8       0x18 ./Core/Src/J1939.o
                0x200000a8                receive_message_2
 .data.receive_message_1
                0x200000c0       0x18 ./Core/Src/J1939.o
                0x200000c0                receive_message_1
 .data.Pump     0x200000d8       0x14 ./Core/Src/gpio.o
                0x200000d8                Pump
 .data.InjSync  0x200000ec       0x14 ./Core/Src/l99sd.o
                0x200000ec                InjSync
 .data.ShotOffSync
                0x20000100       0x14 ./Core/Src/l99sd.o
                0x20000100                ShotOffSync
 .data.Injector
                0x20000114       0x24 ./Core/Src/l99sd.o
                0x20000114                Injector
 .data.ShootOff
                0x20000138       0x24 ./Core/Src/l99sd.o
                0x20000138                ShootOff
 .data.SystemCoreClock
                0x2000015c        0x4 ./Core/Src/system_stm32f2xx.o
                0x2000015c                SystemCoreClock
 .data.uwTickPrio
                0x20000160        0x4 ./Drivers/STM32F2xx_HAL_Driver/Src/stm32f2xx_hal.o
                0x20000160                uwTickPrio
 .data.uwTickFreq
                0x20000164        0x1 ./Drivers/STM32F2xx_HAL_Driver/Src/stm32f2xx_hal.o
                0x20000164                uwTickFreq
 .data.Stat     0x20000165        0x1 ./FATFS/Target/user_diskio.o
 *fill*         0x20000166        0x2 
 .data.USER_Driver
                0x20000168       0x14 ./FATFS/Target/user_diskio.o
                0x20000168                USER_Driver
 .data.error_spn_vector
                0x2000017c       0x3a ./HCI_AS/Src/errors.o
                0x2000017c                error_spn_vector
 *fill*         0x200001b6        0x2 
 .data.error_fmi_vector
                0x200001b8       0x1d ./HCI_AS/Src/errors.o
                0x200001b8                error_fmi_vector
 *fill*         0x200001d5        0x3 
 .data.tenm_exhaust_gas_cp_kjpkgk_x
                0x200001d8       0x20 ./HCI_AS/Src/fuel_mass_calculation.o
                0x200001d8                tenm_exhaust_gas_cp_kjpkgk_x
 .data.tenm_exhaust_gas_cp_kjpkgk_z
                0x200001f8       0x20 ./HCI_AS/Src/fuel_mass_calculation.o
                0x200001f8                tenm_exhaust_gas_cp_kjpkgk_z
 .data.correction_gain
                0x20000218        0x4 ./HCI_AS/Src/hci.o
                0x20000218                correction_gain
 .data.regen_counter
                0x2000021c        0x2 ./HCI_AS/Src/hci.o
                0x2000021c                regen_counter
 *fill*         0x2000021e        0x2 
 .data.tenm_corrected_flow_deltap_x
                0x20000220       0x2c ./HCI_AS/Src/hci.o
                0x20000220                tenm_corrected_flow_deltap_x
 .data.tenm_corrected_flow_deltap_z
                0x2000024c       0x2c ./HCI_AS/Src/hci.o
                0x2000024c                tenm_corrected_flow_deltap_z
 .data.ramp_steps_temperature_degc
                0x20000278        0xc ./HCI_AS/Src/hci.o
                0x20000278                ramp_steps_temperature_degc
 .data.ramp_steps_duration_s
                0x20000284        0x8 ./HCI_AS/Src/hci.o
                0x20000284                ramp_steps_duration_s
 .data.regen_ramp_up_rate_degps
                0x2000028c        0x4 ./HCI_AS/Src/hci.o
                0x2000028c                regen_ramp_up_rate_degps
 .data.tenm_sns_t_amb_table_x
                0x20000290       0x34 ./HCI_AS/Src/sensors.o
                0x20000290                tenm_sns_t_amb_table_x
 .data.tenm_sns_t_amb_table_z
                0x200002c4       0x34 ./HCI_AS/Src/sensors.o
                0x200002c4                tenm_sns_t_amb_table_z
 .data.tenm_sns_maf_flow_table_x
                0x200002f8       0x28 ./HCI_AS/Src/sensors.o
                0x200002f8                tenm_sns_maf_flow_table_x
 .data.tenm_sns_maf_flow_table_z
                0x20000320       0x28 ./HCI_AS/Src/sensors.o
                0x20000320                tenm_sns_maf_flow_table_z
 .data.tenm_rtd_tf_x
                0x20000348       0x8c ./HCI_AS/Src/sensors.o
                0x20000348                tenm_rtd_tf_x
 .data.tenm_rtd_tf_z
                0x200003d4       0x8c ./HCI_AS/Src/sensors.o
                0x200003d4                tenm_rtd_tf_z
 .data._impure_ptr
                0x20000460        0x4 C:/ST/STM32CubeIDE_1.15.0/STM32CubeIDE/plugins/com.st.stm32cube.ide.mcu.externaltools.gnu-tools-for-stm32.12.3.rel1.win32_1.0.100.202403111256/tools/bin/../lib/gcc/arm-none-eabi/12.3.1/../../../../arm-none-eabi/lib/thumb/v7-m/nofp\libc_nano.a(libc_a-impure.o)
                0x20000460                _impure_ptr
 .data._impure_data
                0x20000464       0x4c C:/ST/STM32CubeIDE_1.15.0/STM32CubeIDE/plugins/com.st.stm32cube.ide.mcu.externaltools.gnu-tools-for-stm32.12.3.rel1.win32_1.0.100.202403111256/tools/bin/../lib/gcc/arm-none-eabi/12.3.1/../../../../arm-none-eabi/lib/thumb/v7-m/nofp\libc_nano.a(libc_a-impure.o)
                0x20000464                _impure_data
 .data.tiny     0x200004b0        0x8 C:/ST/STM32CubeIDE_1.15.0/STM32CubeIDE/plugins/com.st.stm32cube.ide.mcu.externaltools.gnu-tools-for-stm32.12.3.rel1.win32_1.0.100.202403111256/tools/bin/../lib/gcc/arm-none-eabi/12.3.1/../../../../arm-none-eabi/lib/thumb/v7-m/nofp\libm.a(libm_a-e_sqrt.o)
 .data.one      0x200004b8        0x8 C:/ST/STM32CubeIDE_1.15.0/STM32CubeIDE/plugins/com.st.stm32cube.ide.mcu.externaltools.gnu-tools-for-stm32.12.3.rel1.win32_1.0.100.202403111256/tools/bin/../lib/gcc/arm-none-eabi/12.3.1/../../../../arm-none-eabi/lib/thumb/v7-m/nofp\libm.a(libm_a-e_sqrt.o)
 *(.RamFunc)
 *(.RamFunc*)
                0x200004c0                        . = ALIGN (0x4)
                0x200004c0                        _edata = .

.igot.plt       0x200004c0        0x0 load address 0x0800c8a4
 .igot.plt      0x200004c0        0x0 C:/ST/STM32CubeIDE_1.15.0/STM32CubeIDE/plugins/com.st.stm32cube.ide.mcu.externaltools.gnu-tools-for-stm32.12.3.rel1.win32_1.0.100.202403111256/tools/bin/../lib/gcc/arm-none-eabi/12.3.1/thumb/v7-m/nofp/crtbegin.o
                0x200004c0                        . = ALIGN (0x4)

.bss            0x200004c0      0x8a0 load address 0x0800c8a4
                0x200004c0                        _sbss = .
                0x200004c0                        __bss_start__ = _sbss
 *(.bss)
 .bss           0x200004c0       0x1c C:/ST/STM32CubeIDE_1.15.0/STM32CubeIDE/plugins/com.st.stm32cube.ide.mcu.externaltools.gnu-tools-for-stm32.12.3.rel1.win32_1.0.100.202403111256/tools/bin/../lib/gcc/arm-none-eabi/12.3.1/thumb/v7-m/nofp/crtbegin.o
 *(.bss*)
 *fill*         0x200004dc        0x4 
 .bss.transmitt_message
                0x200004e0       0x18 ./Core/Src/J1939.o
                0x200004e0                transmitt_message
 .bss.receive_message_10
                0x200004f8       0x18 ./Core/Src/J1939.o
                0x200004f8                receive_message_10
 .bss.message_counter.9
                0x20000510        0x1 ./Core/Src/J1939.o
 .bss.message_pointer.8
                0x20000511        0x1 ./Core/Src/J1939.o
 *fill*         0x20000512        0x2 
 .bss.dtc.7     0x20000514        0x4 ./Core/Src/J1939.o
 .bss.error_quantity.6
                0x20000518        0x1 ./Core/Src/J1939.o
 *fill*         0x20000519        0x3 
 .bss.data.5    0x2000051c        0x8 ./Core/Src/J1939.o
 .bss.bytes_quantity.4
                0x20000524        0x1 ./Core/Src/J1939.o
 .bss.errors_byte.3
                0x20000525        0x1 ./Core/Src/J1939.o
 .bss.supressed_byte.2
                0x20000526        0x1 ./Core/Src/J1939.o
 *fill*         0x20000527        0x1 
 .bss.current_item.1
                0x20000528        0x4 ./Core/Src/J1939.o
 .bss.current_item.0
                0x2000052c        0x4 ./Core/Src/J1939.o
 .bss.hadc1     0x20000530       0x48 ./Core/Src/adc.o
                0x20000530                hadc1
 .bss.hdma_adc1
                0x20000578       0x60 ./Core/Src/adc.o
                0x20000578                hdma_adc1
 .bss.adc_avg_channel.1
                0x200005d8        0x4 ./Core/Src/adc.o
 .bss.i.0       0x200005dc        0x1 ./Core/Src/adc.o
 *fill*         0x200005dd        0x3 
 .bss.RxHeader  0x200005e0       0x1c ./Core/Src/can.o
                0x200005e0                RxHeader
 .bss.TxHeader  0x200005fc       0x18 ./Core/Src/can.o
                0x200005fc                TxHeader
 .bss.TxMailBox
                0x20000614        0x4 ./Core/Src/can.o
                0x20000614                TxMailBox
 .bss.TxMailboxesFreeLevel_min_val
                0x20000618        0x1 ./Core/Src/can.o
                0x20000618                TxMailboxesFreeLevel_min_val
 *fill*         0x20000619        0x3 
 .bss.hcan1     0x2000061c       0x28 ./Core/Src/can.o
                0x2000061c                hcan1
 .bss.hdac      0x20000644       0x14 ./Core/Src/dac.o
                0x20000644                hdac
 .bss.adc_buf   0x20000658       0x78 ./Core/Src/dma.o
                0x20000658                adc_buf
 .bss.hi2c1     0x200006d0       0x54 ./Core/Src/i2c.o
                0x200006d0                hi2c1
 .bss.hdma_i2c1_rx
                0x20000724       0x60 ./Core/Src/i2c.o
                0x20000724                hdma_i2c1_rx
 .bss.hdma_i2c1_tx
                0x20000784       0x60 ./Core/Src/i2c.o
                0x20000784                hdma_i2c1_tx
 .bss.buf       0x200007e4        0x8 ./Core/Src/l99sd.o
                0x200007e4                buf
 .bss.injector_wrong_parameters_counter
                0x200007ec        0x1 ./Core/Src/l99sd.o
                0x200007ec                injector_wrong_parameters_counter
 .bss.injector_error_counter
                0x200007ed        0x1 ./Core/Src/l99sd.o
                0x200007ed                injector_error_counter
 .bss.freq_counter
                0x200007ee        0x1 ./Core/Src/main.o
                0x200007ee                freq_counter
 *fill*         0x200007ef        0x1 
 .bss.frequency
                0x200007f0        0x5 ./Core/Src/main.o
                0x200007f0                frequency
 .bss.frequency_pionter
                0x200007f5        0x1 ./Core/Src/main.o
                0x200007f5                frequency_pionter
 .bss.frequency_sum.1
                0x200007f6        0x2 ./Core/Src/main.o
 .bss.i.0       0x200007f8        0x1 ./Core/Src/main.o
 *fill*         0x200007f9        0x3 
 .bss.ktype0    0x200007fc       0x10 ./Core/Src/spi.o
                0x200007fc                ktype0
 .bss.ktype1    0x2000080c       0x10 ./Core/Src/spi.o
                0x2000080c                ktype1
 .bss.hspi2     0x2000081c       0x58 ./Core/Src/spi.o
                0x2000081c                hspi2
 .bss.RxData    0x20000874        0x8 ./Core/Src/stm32f2xx_it.o
                0x20000874                RxData
 .bss.htim1     0x2000087c       0x48 ./Core/Src/tim.o
                0x2000087c                htim1
 .bss.htim2     0x200008c4       0x48 ./Core/Src/tim.o
                0x200008c4                htim2
 .bss.htim3     0x2000090c       0x48 ./Core/Src/tim.o
                0x2000090c                htim3
 .bss.htim5     0x20000954       0x48 ./Core/Src/tim.o
                0x20000954                htim5
 .bss.htim7     0x2000099c       0x48 ./Core/Src/tim.o
                0x2000099c                htim7
 .bss.htim13    0x200009e4       0x48 ./Core/Src/tim.o
                0x200009e4                htim13
 .bss.uwTick    0x20000a2c        0x4 ./Drivers/STM32F2xx_HAL_Driver/Src/stm32f2xx_hal.o
                0x20000a2c                uwTick
 .bss.retUSER   0x20000a30        0x1 ./FATFS/App/fatfs.o
                0x20000a30                retUSER
 *fill*         0x20000a31        0x3 
 .bss.USERPath  0x20000a34        0x4 ./FATFS/App/fatfs.o
                0x20000a34                USERPath
 .bss.errors_vector
                0x20000a38        0x8 ./HCI_AS/Src/errors.o
                0x20000a38                errors_vector
 .bss.errors_supressed
                0x20000a40        0x8 ./HCI_AS/Src/errors.o
                0x20000a40                errors_supressed
 .bss.counter.4
                0x20000a48        0x1 ./HCI_AS/Src/errors.o
 .bss.i.3       0x20000a49        0x1 ./HCI_AS/Src/errors.o
 .bss.errors_byte.2
                0x20000a4a        0x1 ./HCI_AS/Src/errors.o
 .bss.supressed_byte.1
                0x20000a4b        0x1 ./HCI_AS/Src/errors.o
 .bss.j.0       0x20000a4c        0x1 ./HCI_AS/Src/errors.o
 *fill*         0x20000a4d        0x3 
 .bss.exhaust_gas_cp_kjpkgk
                0x20000a50        0x4 ./HCI_AS/Src/fuel_mass_calculation.o
                0x20000a50                exhaust_gas_cp_kjpkgk
 .bss._weighted_filter_max_temp_degc
                0x20000a54        0x4 ./HCI_AS/Src/fuel_mass_calculation.o
                0x20000a54                _weighted_filter_max_temp_degc
 .bss.state     0x20000a58        0x1 ./HCI_AS/Src/hci.o
                0x20000a58                state
 *fill*         0x20000a59        0x3 
 .bss.sns_temp_amb_degc
                0x20000a5c        0x4 ./HCI_AS/Src/hci.o
                0x20000a5c                sns_temp_amb_degc
 .bss.sns_manifold_p_kpa
                0x20000a60        0x4 ./HCI_AS/Src/hci.o
                0x20000a60                sns_manifold_p_kpa
 .bss.sns_p_diff_dpf_inchw
                0x20000a64        0x4 ./HCI_AS/Src/hci.o
                0x20000a64                sns_p_diff_dpf_inchw
 .bss.sns_eng_speed_rpm
                0x20000a68        0x4 ./HCI_AS/Src/hci.o
                0x20000a68                sns_eng_speed_rpm
 .bss.sns_fuel_temp_degc
                0x20000a6c        0x4 ./HCI_AS/Src/hci.o
                0x20000a6c                sns_fuel_temp_degc
 .bss.sns_maf_flow_kgph
                0x20000a70        0x4 ./HCI_AS/Src/hci.o
                0x20000a70                sns_maf_flow_kgph
 .bss.sns_fuel_press_out_kpa
                0x20000a74        0x4 ./HCI_AS/Src/hci.o
                0x20000a74                sns_fuel_press_out_kpa
 .bss.sns_eng_out_degc
                0x20000a78        0x4 ./HCI_AS/Src/hci.o
                0x20000a78                sns_eng_out_degc
 .bss.sns_doc_out_degc
                0x20000a7c        0x4 ./HCI_AS/Src/hci.o
                0x20000a7c                sns_doc_out_degc
 .bss.sns_doc_avg_degc
                0x20000a80        0x4 ./HCI_AS/Src/hci.o
                0x20000a80                sns_doc_avg_degc
 .bss.sns_dpf_out_degc
                0x20000a84        0x4 ./HCI_AS/Src/hci.o
                0x20000a84                sns_dpf_out_degc
 .bss.sns_dpf_avg_degc
                0x20000a88        0x4 ./HCI_AS/Src/hci.o
                0x20000a88                sns_dpf_avg_degc
 .bss.sns_dpf_out_trand
                0x20000a8c        0x4 ./HCI_AS/Src/hci.o
                0x20000a8c                sns_dpf_out_trand
 .bss.exhaust_temp_max_degc
                0x20000a90        0x4 ./HCI_AS/Src/hci.o
                0x20000a90                exhaust_temp_max_degc
 .bss.CAN_FFBA  0x20000a94        0x8 ./HCI_AS/Src/hci.o
                0x20000a94                CAN_FFBA
 .bss.Transmit_Data
                0x20000a9c        0x8 ./HCI_AS/Src/hci.o
                0x20000a9c                Transmit_Data
 .bss.tenc_regen_on_flag_ovd_on
                0x20000aa4        0x1 ./HCI_AS/Src/hci.o
                0x20000aa4                tenc_regen_on_flag_ovd_on
 .bss.tenc_hci_inj_pwm_ovd_on
                0x20000aa5        0x1 ./HCI_AS/Src/hci.o
                0x20000aa5                tenc_hci_inj_pwm_ovd_on
 *fill*         0x20000aa6        0x2 
 .bss.tenc_hci_inj_pwm_ovd_val
                0x20000aa8        0x4 ./HCI_AS/Src/hci.o
                0x20000aa8                tenc_hci_inj_pwm_ovd_val
 .bss.tenc_ref_fuel_flow_gps_ovd_on
                0x20000aac        0x1 ./HCI_AS/Src/hci.o
                0x20000aac                tenc_ref_fuel_flow_gps_ovd_on
 *fill*         0x20000aad        0x3 
 .bss.tenc_ref_fuel_flow_gps_ovd_val
                0x20000ab0        0x4 ./HCI_AS/Src/hci.o
                0x20000ab0                tenc_ref_fuel_flow_gps_ovd_val
 .bss.tenc_fuel_flow_correction_factor_ovd_on
                0x20000ab4        0x1 ./HCI_AS/Src/hci.o
                0x20000ab4                tenc_fuel_flow_correction_factor_ovd_on
 *fill*         0x20000ab5        0x3 
 .bss.tenc_fuel_flow_correction_factor_ovd_val
                0x20000ab8        0x4 ./HCI_AS/Src/hci.o
                0x20000ab8                tenc_fuel_flow_correction_factor_ovd_val
 .bss.exh_mass_flowrate_kgph
                0x20000abc        0x4 ./HCI_AS/Src/hci.o
                0x20000abc                exh_mass_flowrate_kgph
 .bss.weighted_filter_max_temp_degc
                0x20000ac0        0x4 ./HCI_AS/Src/hci.o
                0x20000ac0                weighted_filter_max_temp_degc
 .bss.flag_fuel_light_off_temp_reached
                0x20000ac4        0x1 ./HCI_AS/Src/hci.o
                0x20000ac4                flag_fuel_light_off_temp_reached
 .bss.flag_regen_required
                0x20000ac5        0x1 ./HCI_AS/Src/hci.o
                0x20000ac5                flag_regen_required
 .bss.flag_regeneration_on
                0x20000ac6        0x1 ./HCI_AS/Src/hci.o
                0x20000ac6                flag_regeneration_on
 *fill*         0x20000ac7        0x1 
 .bss.ref_fuel_mass_flow_gps
                0x20000ac8        0x4 ./HCI_AS/Src/hci.o
                0x20000ac8                ref_fuel_mass_flow_gps
 .bss.pump_period
                0x20000acc        0x4 ./HCI_AS/Src/hci.o
                0x20000acc                pump_period
 .bss.regen_on_timer_s
                0x20000ad0        0x4 ./HCI_AS/Src/hci.o
                0x20000ad0                regen_on_timer_s
 .bss.regen_off_timer_s
                0x20000ad4        0x4 ./HCI_AS/Src/hci.o
                0x20000ad4                regen_off_timer_s
 .bss.preheating_timer_s
                0x20000ad8        0x4 ./HCI_AS/Src/hci.o
                0x20000ad8                preheating_timer_s
 .bss.corrected_time_last_regen_s
                0x20000adc        0x4 ./HCI_AS/Src/hci.o
                0x20000adc                corrected_time_last_regen_s
 .bss.avg_temp_dpf_out_degc
                0x20000ae0        0x4 ./HCI_AS/Src/hci.o
                0x20000ae0                avg_temp_dpf_out_degc
 .bss.corrected_flow_dpf_p_map_in
                0x20000ae4        0x4 ./HCI_AS/Src/hci.o
                0x20000ae4                corrected_flow_dpf_p_map_in
 .bss.corrected_flow_dpf_p_map_out
                0x20000ae8        0x4 ./HCI_AS/Src/hci.o
                0x20000ae8                corrected_flow_dpf_p_map_out
 .bss.p_diff_regen_dpf_inchw
                0x20000aec        0x4 ./HCI_AS/Src/hci.o
                0x20000aec                p_diff_regen_dpf_inchw
 .bss.regen_time_trig_time_step_sec
                0x20000af0        0x4 ./HCI_AS/Src/hci.o
                0x20000af0                regen_time_trig_time_step_sec
 .bss.regen_reference_temp_degc
                0x20000af4        0x4 ./HCI_AS/Src/hci.o
                0x20000af4                regen_reference_temp_degc
 .bss.flag_regen_p_trigger_time_exceeded
                0x20000af8        0x1 ./HCI_AS/Src/hci.o
                0x20000af8                flag_regen_p_trigger_time_exceeded
 .bss.flag_regen_p_trigger_status
                0x20000af9        0x1 ./HCI_AS/Src/hci.o
                0x20000af9                flag_regen_p_trigger_status
 .bss.flag_regen_time_trigger_status
                0x20000afa        0x1 ./HCI_AS/Src/hci.o
                0x20000afa                flag_regen_time_trigger_status
 *fill*         0x20000afb        0x1 
 .bss.ref_fuel_mass_flow_gps_corrected
                0x20000afc        0x4 ./HCI_AS/Src/hci.o
                0x20000afc                ref_fuel_mass_flow_gps_corrected
 .bss.air_density_kgpm3
                0x20000b00        0x4 ./HCI_AS/Src/hci.o
                0x20000b00                air_density_kgpm3
 .bss.regen_trigger_max_time_updated
                0x20000b04        0x4 ./HCI_AS/Src/hci.o
                0x20000b04                regen_trigger_max_time_updated
 .bss.regen_p_trigger_press_exceeded_timer
                0x20000b08        0x4 ./HCI_AS/Src/hci.o
                0x20000b08                regen_p_trigger_press_exceeded_timer
 .bss.pump_period_raw
                0x20000b0c        0x4 ./HCI_AS/Src/hci.o
                0x20000b0c                pump_period_raw
 .bss.sns_doc_out_temp_array
                0x20000b10       0x40 ./HCI_AS/Src/hci.o
                0x20000b10                sns_doc_out_temp_array
 .bss.sns_dpf_out_temp_array
                0x20000b50       0x40 ./HCI_AS/Src/hci.o
                0x20000b50                sns_dpf_out_temp_array
 .bss.previous_dpf_temperature_degc
                0x20000b90        0x4 ./HCI_AS/Src/hci.o
                0x20000b90                previous_dpf_temperature_degc
 .bss.sns_doc_out_temp_array_pointer
                0x20000b94        0x1 ./HCI_AS/Src/hci.o
                0x20000b94                sns_doc_out_temp_array_pointer
 .bss.sns_dpf_out_temp_array_pointer
                0x20000b95        0x1 ./HCI_AS/Src/hci.o
                0x20000b95                sns_dpf_out_temp_array_pointer
 .bss.flag_doc_out_stable
                0x20000b96        0x1 ./HCI_AS/Src/hci.o
                0x20000b96                flag_doc_out_stable
 .bss.flag_doc_out_stable_prev
                0x20000b97        0x1 ./HCI_AS/Src/hci.o
                0x20000b97                flag_doc_out_stable_prev
 .bss.flag_doc_out_0_1
                0x20000b98        0x1 ./HCI_AS/Src/hci.o
                0x20000b98                flag_doc_out_0_1
 .bss.flag_dpf_out_stable
                0x20000b99        0x1 ./HCI_AS/Src/hci.o
                0x20000b99                flag_dpf_out_stable
 .bss.flag_dpf_out_stable_prev
                0x20000b9a        0x1 ./HCI_AS/Src/hci.o
                0x20000b9a                flag_dpf_out_stable_prev
 .bss.flag_dpf_out_0_1
                0x20000b9b        0x1 ./HCI_AS/Src/hci.o
                0x20000b9b                flag_dpf_out_0_1
 .bss.ramp_index
                0x20000b9c        0x1 ./HCI_AS/Src/hci.o
                0x20000b9c                ramp_index
 *fill*         0x20000b9d        0x3 
 .bss.ramp_step_timer_s
                0x20000ba0        0x4 ./HCI_AS/Src/hci.o
                0x20000ba0                ramp_step_timer_s
 .bss.dpf_unstable_timer_s
                0x20000ba4        0x4 ./HCI_AS/Src/hci.o
                0x20000ba4                dpf_unstable_timer_s
 .bss.sum_temp.7
                0x20000ba8        0x4 ./HCI_AS/Src/hci.o
 .bss.sum_t_temp.6
                0x20000bac        0x4 ./HCI_AS/Src/hci.o
 .bss.i.5       0x20000bb0        0x1 ./HCI_AS/Src/hci.o
 *fill*         0x20000bb1        0x3 
 .bss.unstability_factor.4
                0x20000bb4        0x4 ./HCI_AS/Src/hci.o
 .bss.sum_temp.3
                0x20000bb8        0x4 ./HCI_AS/Src/hci.o
 .bss.sum_t_temp.2
                0x20000bbc        0x4 ./HCI_AS/Src/hci.o
 .bss.i.1       0x20000bc0        0x1 ./HCI_AS/Src/hci.o
 *fill*         0x20000bc1        0x3 
 .bss.unstability_factor.0
                0x20000bc4        0x4 ./HCI_AS/Src/hci.o
 .bss.idx.4     0x20000bc8        0x2 ./HCI_AS/Src/rt_look.o
 .bss.bottom.3  0x20000bca        0x2 ./HCI_AS/Src/rt_look.o
 .bss.top.2     0x20000bcc        0x2 ./HCI_AS/Src/rt_look.o
 .bss.retValue.1
                0x20000bce        0x2 ./HCI_AS/Src/rt_look.o
 .bss.returnStatus.0
                0x20000bd0        0x1 ./HCI_AS/Src/rt_look.o
 *fill*         0x20000bd1        0x1 
 .bss.idx.3     0x20000bd2        0x2 ./HCI_AS/Src/rt_look1d.o
 .bss.num.2     0x20000bd4        0x4 ./HCI_AS/Src/rt_look1d.o
 .bss.den.1     0x20000bd8        0x4 ./HCI_AS/Src/rt_look1d.o
 .bss.m.0       0x20000bdc        0x4 ./HCI_AS/Src/rt_look1d.o
 .bss.sns_manifold_p_volt
                0x20000be0        0x4 ./HCI_AS/Src/sensors.o
                0x20000be0                sns_manifold_p_volt
 .bss.sns_p_diff_dpf_volt
                0x20000be4        0x4 ./HCI_AS/Src/sensors.o
                0x20000be4                sns_p_diff_dpf_volt
 .bss.sns_p_diff_dpf_inchw_arr
                0x20000be8       0x14 ./HCI_AS/Src/sensors.o
                0x20000be8                sns_p_diff_dpf_inchw_arr
 .bss.sns_p_diff_dpf_arr_index
                0x20000bfc        0x1 ./HCI_AS/Src/sensors.o
                0x20000bfc                sns_p_diff_dpf_arr_index
 *fill*         0x20000bfd        0x3 
 .bss.sns_temp_amb_volt
                0x20000c00        0x4 ./HCI_AS/Src/sensors.o
                0x20000c00                sns_temp_amb_volt
 .bss.sns_maf_flow_volt
                0x20000c04        0x4 ./HCI_AS/Src/sensors.o
                0x20000c04                sns_maf_flow_volt
 .bss.sns_fuel_temp_volt
                0x20000c08        0x4 ./HCI_AS/Src/sensors.o
                0x20000c08                sns_fuel_temp_volt
 .bss.sns_engine_speed_hz
                0x20000c0c        0x4 ./HCI_AS/Src/sensors.o
                0x20000c0c                sns_engine_speed_hz
 .bss.CAN_FF09  0x20000c10        0x8 ./HCI_AS/Src/sensors.o
                0x20000c10                CAN_FF09
 .bss.CAN_FF09_error_count
                0x20000c18        0x1 ./HCI_AS/Src/sensors.o
                0x20000c18                CAN_FF09_error_count
 .bss.temperature_sourse
                0x20000c19        0x1 ./HCI_AS/Src/sensors.o
                0x20000c19                temperature_sourse
 *fill*         0x20000c1a        0x2 
 .bss.disk      0x20000c1c        0xc ./Middlewares/Third_Party/FatFs/src/ff_gen_drv.o
                0x20000c1c                disk
 .bss.__sf      0x20000c28      0x138 C:/ST/STM32CubeIDE_1.15.0/STM32CubeIDE/plugins/com.st.stm32cube.ide.mcu.externaltools.gnu-tools-for-stm32.12.3.rel1.win32_1.0.100.202403111256/tools/bin/../lib/gcc/arm-none-eabi/12.3.1/../../../../arm-none-eabi/lib/thumb/v7-m/nofp\libc_nano.a(libc_a-findfp.o)
                0x20000c28                __sf
 *(COMMON)
                0x20000d60                        . = ALIGN (0x4)
                0x20000d60                        _ebss = .
                0x20000d60                        __bss_end__ = _ebss

._user_heap_stack
                0x20000d60      0x600 load address 0x0800c8a4
                0x20000d60                        . = ALIGN (0x8)
                [!provide]                        PROVIDE (end = .)
                0x20000d60                        PROVIDE (_end = .)
                0x20000f60                        . = (. + _Min_Heap_Size)
 *fill*         0x20000d60      0x200 
                0x20001360                        . = (. + _Min_Stack_Size)
 *fill*         0x20000f60      0x400 
                0x20001360                        . = ALIGN (0x8)

/DISCARD/
 libc.a(*)
 libm.a(*)
 libgcc.a(*)

.ARM.attributes
                0x00000000       0x29
 *(.ARM.attributes)
 .ARM.attributes
                0x00000000       0x1d C:/ST/STM32CubeIDE_1.15.0/STM32CubeIDE/plugins/com.st.stm32cube.ide.mcu.externaltools.gnu-tools-for-stm32.12.3.rel1.win32_1.0.100.202403111256/tools/bin/../lib/gcc/arm-none-eabi/12.3.1/thumb/v7-m/nofp/crti.o
 .ARM.attributes
                0x0000001d       0x2d C:/ST/STM32CubeIDE_1.15.0/STM32CubeIDE/plugins/com.st.stm32cube.ide.mcu.externaltools.gnu-tools-for-stm32.12.3.rel1.win32_1.0.100.202403111256/tools/bin/../lib/gcc/arm-none-eabi/12.3.1/thumb/v7-m/nofp/crtbegin.o
 .ARM.attributes
                0x0000004a       0x2d ./Core/Src/J1939.o
 .ARM.attributes
                0x00000077       0x2d ./Core/Src/adc.o
 .ARM.attributes
                0x000000a4       0x2d ./Core/Src/can.o
 .ARM.attributes
                0x000000d1       0x2d ./Core/Src/dac.o
 .ARM.attributes
                0x000000fe       0x2d ./Core/Src/dma.o
 .ARM.attributes
                0x0000012b       0x2d ./Core/Src/gpio.o
 .ARM.attributes
                0x00000158       0x2d ./Core/Src/i2c.o
 .ARM.attributes
                0x00000185       0x2d ./Core/Src/l99sd.o
 .ARM.attributes
                0x000001b2       0x2d ./Core/Src/main.o
 .ARM.attributes
                0x000001df       0x2d ./Core/Src/spi.o
 .ARM.attributes
                0x0000020c       0x2d ./Core/Src/stm32f2xx_hal_msp.o
 .ARM.attributes
                0x00000239       0x2d ./Core/Src/stm32f2xx_it.o
 .ARM.attributes
                0x00000266       0x2d ./Core/Src/system_stm32f2xx.o
 .ARM.attributes
                0x00000293       0x2d ./Core/Src/tim.o
 .ARM.attributes
                0x000002c0       0x21 ./Core/Startup/startup_stm32f205rbtx.o
 .ARM.attributes
                0x000002e1       0x2d ./Drivers/STM32F2xx_HAL_Driver/Src/stm32f2xx_hal.o
 .ARM.attributes
                0x0000030e       0x2d ./Drivers/STM32F2xx_HAL_Driver/Src/stm32f2xx_hal_adc.o
 .ARM.attributes
                0x0000033b       0x2d ./Drivers/STM32F2xx_HAL_Driver/Src/stm32f2xx_hal_can.o
 .ARM.attributes
                0x00000368       0x2d ./Drivers/STM32F2xx_HAL_Driver/Src/stm32f2xx_hal_cortex.o
 .ARM.attributes
                0x00000395       0x2d ./Drivers/STM32F2xx_HAL_Driver/Src/stm32f2xx_hal_dac.o
 .ARM.attributes
                0x000003c2       0x2d ./Drivers/STM32F2xx_HAL_Driver/Src/stm32f2xx_hal_dma.o
 .ARM.attributes
                0x000003ef       0x2d ./Drivers/STM32F2xx_HAL_Driver/Src/stm32f2xx_hal_gpio.o
 .ARM.attributes
                0x0000041c       0x2d ./Drivers/STM32F2xx_HAL_Driver/Src/stm32f2xx_hal_i2c.o
 .ARM.attributes
                0x00000449       0x2d ./Drivers/STM32F2xx_HAL_Driver/Src/stm32f2xx_hal_rcc.o
 .ARM.attributes
                0x00000476       0x2d ./Drivers/STM32F2xx_HAL_Driver/Src/stm32f2xx_hal_spi.o
 .ARM.attributes
                0x000004a3       0x2d ./Drivers/STM32F2xx_HAL_Driver/Src/stm32f2xx_hal_tim.o
 .ARM.attributes
                0x000004d0       0x2d ./Drivers/STM32F2xx_HAL_Driver/Src/stm32f2xx_hal_tim_ex.o
 .ARM.attributes