../Drivers/CMSIS/Include/core_cm3.h:1876:26:ITM_SendChar	16	static,ignoring_inline_asm
../Core/Src/main.c:70:5:_write	32	static
../Core/Src/main.c:83:5:main	8	static
../Core/Src/main.c:157:6:SystemClock_Config	80	static
../Core/Src/main.c:194:6:digit_in_1	8	static
../Core/Src/main.c:203:6:freq_calculation	4	static
../Core/Src/main.c:212:7:freq_in_1	8	static
../Core/Src/main.c:224:6:HAL_GPIO_EXTI_Callback	16	static
../Core/Src/main.c:230:6:digit_out_1	16	static
../Core/Src/main.c:239:6:digit_out_2	16	static
../Core/Src/main.c:253:6:Error_Handler	4	static,ignoring_inline_asm
