../Core/Src/stm32f2xx_it.c:85:6:NMI_Handler	4	static
../Core/Src/stm32f2xx_it.c:100:6:HardFault_Handler	4	static
../Core/Src/stm32f2xx_it.c:115:6:MemManage_Handler	4	static
../Core/Src/stm32f2xx_it.c:130:6:BusFault_Handler	4	static
../Core/Src/stm32f2xx_it.c:145:6:UsageFault_Handler	4	static
../Core/Src/stm32f2xx_it.c:160:6:SVC_Handler	4	static
../Core/Src/stm32f2xx_it.c:173:6:DebugMon_Handler	4	static
../Core/Src/stm32f2xx_it.c:186:6:PendSV_Handler	4	static
../Core/Src/stm32f2xx_it.c:199:6:SysTick_Handler	8	static
../Core/Src/stm32f2xx_it.c:220:6:DMA1_Stream0_IRQHandler	8	static
../Core/Src/stm32f2xx_it.c:234:6:DMA1_Stream6_IRQHandler	8	static
../Core/Src/stm32f2xx_it.c:248:6:CAN1_RX0_IRQHandler	8	static
../Core/Src/stm32f2xx_it.c:262:6:TIM1_CC_IRQHandler	8	static
../Core/Src/stm32f2xx_it.c:276:6:TIM2_IRQHandler	8	static
../Core/Src/stm32f2xx_it.c:290:6:TIM3_IRQHandler	8	static
../Core/Src/stm32f2xx_it.c:304:6:I2C1_EV_IRQHandler	8	static
../Core/Src/stm32f2xx_it.c:318:6:I2C1_ER_IRQHandler	8	static
../Core/Src/stm32f2xx_it.c:332:6:EXTI15_10_IRQHandler	8	static
../Core/Src/stm32f2xx_it.c:346:6:TIM5_IRQHandler	8	static
../Core/Src/stm32f2xx_it.c:360:6:TIM7_IRQHandler	8	static
../Core/Src/stm32f2xx_it.c:379:6:DMA2_Stream0_IRQHandler	8	static
../Core/Src/stm32f2xx_it.c:391:6:HAL_CAN_RxFifo0MsgPendingCallback	16	static
